2026-06-04 18:20:15 [INF] Microsoft.EntityFrameworkCore.Database.Command : Executed DbCommand (55ms) [Parameters=[], CommandType='"Text"', CommandTimeout='30']
SELECT 1
2026-06-04 18:20:15 [INF]  : Database connected successfully
2026-06-04 18:20:15 [WRN] Microsoft.AspNetCore.DataProtection.KeyManagement.XmlKeyManager : No XML encryptor configured. Key {8de601e7-d09c-4941-bd76-5adb27a864bc} may be persisted to storage in unencrypted form.
2026-06-04 18:20:15 [INF] Microsoft.Hosting.Lifetime : Now listening on: http://localhost:8080
2026-06-04 18:20:15 [INF] Microsoft.Hosting.Lifetime : Application started. Press Ctrl+C to shut down.
2026-06-04 18:20:15 [INF] Microsoft.Hosting.Lifetime : Hosting environment: Development
2026-06-04 18:20:15 [INF] Microsoft.Hosting.Lifetime : Content root path: /home/xCode666/dev-backend-dotnet/Starter/backend-dotnet/Backend
2026-06-04 18:26:14 [INF] Microsoft.EntityFrameworkCore.Database.Command 0HNM2CR0J6K9I:00000002: Executed DbCommand (116ms) [Parameters=[@email='?'], CommandType='"Text"', CommandTimeout='30']
SELECT EXISTS (
    SELECT 1
    FROM users AS u
    WHERE u.email = @email)
2026-06-04 18:26:15 [INF] Microsoft.EntityFrameworkCore.Database.Command 0HNM2CR0J6K9I:00000002: Executed DbCommand (262ms) [Parameters=[@p0='?' (DbType = Guid), @p1='?' (DbType = DateTime), @p2='?', @p3='?', @p4='?'], CommandType='"Text"', CommandTimeout='30']
INSERT INTO users (id, created_at, email, name, password)
VALUES (@p0, @p1, @p2, @p3, @p4)
RETURNING updated_at;
2026-06-04 18:26:16 [INF] Backend.Application.Service.AuthService 0HNM2CR0J6K9I:00000002: User signed up "e08b0177-c131-406a-b49b-f1a1162ea86b"
2026-06-04 18:28:55 [INF] Microsoft.Hosting.Lifetime : Application is shutting down...
2026-06-04 18:34:16 [INF] Microsoft.EntityFrameworkCore.Database.Command : Executed DbCommand (110ms) [Parameters=[], CommandType='"Text"', CommandTimeout='30']
SELECT 1
2026-06-04 18:34:16 [INF]  : Database connected successfully
2026-06-04 18:34:16 [INF] Microsoft.Hosting.Lifetime : Now listening on: http://localhost:8080
2026-06-04 18:34:16 [INF] Microsoft.Hosting.Lifetime : Application started. Press Ctrl+C to shut down.
2026-06-04 18:34:16 [INF] Microsoft.Hosting.Lifetime : Hosting environment: Development
2026-06-04 18:34:16 [INF] Microsoft.Hosting.Lifetime : Content root path: /home/xCode666/dev-backend-dotnet/Starter/backend-dotnet/Backend
2026-06-04 18:34:59 [INF] Microsoft.EntityFrameworkCore.Database.Command 0HNM2CVKNHEBD:00000003: Executed DbCommand (85ms) [Parameters=[@email='?'], CommandType='"Text"', CommandTimeout='30']
SELECT u.id, u.created_at, u.email, u.name, u.password, u.updated_at
FROM users AS u
WHERE u.email = @email
LIMIT 1
2026-06-04 18:35:00 [INF] Backend.Application.Service.AuthService 0HNM2CVKNHEBD:00000003: User signed in "e08b0177-c131-406a-b49b-f1a1162ea86b"
2026-06-04 18:35:06 [INF] Microsoft.EntityFrameworkCore.Database.Command 0HNM2CVKNHEBD:00000005: Executed DbCommand (2ms) [Parameters=[], CommandType='"Text"', CommandTimeout='30']
SELECT u.id, u.created_at, u.email, u.name, u.password, u.updated_at
FROM users AS u
2026-06-04 18:35:06 [INF] Backend.Application.Service.UserService 0HNM2CVKNHEBD:00000005: Users fetched 1
2026-06-04 18:35:25 [INF] Microsoft.EntityFrameworkCore.Database.Command 0HNM2CVKNHEBD:00000007: Executed DbCommand (2ms) [Parameters=[@email='?'], CommandType='"Text"', CommandTimeout='30']
SELECT EXISTS (
    SELECT 1
    FROM users AS u
    WHERE u.email = @email)
2026-06-04 18:35:26 [INF] Microsoft.EntityFrameworkCore.Database.Command 0HNM2CVKNHEBD:00000007: Executed DbCommand (88ms) [Parameters=[@p0='?' (DbType = Guid), @p1='?' (DbType = DateTime), @p2='?', @p3='?', @p4='?'], CommandType='"Text"', CommandTimeout='30']
INSERT INTO users (id, created_at, email, name, password)
VALUES (@p0, @p1, @p2, @p3, @p4)
RETURNING updated_at;
2026-06-04 18:35:26 [INF] Backend.Application.Service.UserService 0HNM2CVKNHEBD:00000007: User created "16b42738-bccb-4e80-ae5d-356c8b22014f"
2026-06-04 18:35:26 [INF] Microsoft.EntityFrameworkCore.Database.Command 0HNM2CVKNHEBD:00000008: Executed DbCommand (1ms) [Parameters=[], CommandType='"Text"', CommandTimeout='30']
SELECT u.id, u.created_at, u.email, u.name, u.password, u.updated_at
FROM users AS u
2026-06-04 18:35:26 [INF] Backend.Application.Service.UserService 0HNM2CVKNHEBD:00000008: Users fetched 2
2026-06-04 18:35:28 [INF] Microsoft.EntityFrameworkCore.Database.Command 0HNM2CVKNHEBD:0000000A: Executed DbCommand (4ms) [Parameters=[@id='?' (DbType = Guid)], CommandType='"Text"', CommandTimeout='30']
SELECT u.id, u.created_at, u.email, u.name, u.password, u.updated_at
FROM users AS u
WHERE u.id = @id
LIMIT 1
2026-06-04 18:35:28 [INF] Backend.Application.Service.UserService 0HNM2CVKNHEBD:0000000A: User fetched
2026-06-04 18:35:42 [INF] Microsoft.EntityFrameworkCore.Database.Command 0HNM2CVKNHEBD:00000014: Executed DbCommand (2ms) [Parameters=[@id='?' (DbType = Guid)], CommandType='"Text"', CommandTimeout='30']
SELECT u.id, u.created_at, u.email, u.name, u.password, u.updated_at
FROM users AS u
WHERE u.id = @id
LIMIT 1
2026-06-04 18:35:42 [INF] Backend.Application.Service.UserService 0HNM2CVKNHEBD:00000014: User fetched
2026-06-04 18:36:08 [INF] Microsoft.Hosting.Lifetime : Application is shutting down...
2026-06-04 18:36:23 [INF] Microsoft.EntityFrameworkCore.Database.Command : Executed DbCommand (56ms) [Parameters=[], CommandType='"Text"', CommandTimeout='30']
SELECT 1
2026-06-04 18:36:23 [INF]  : Database connected successfully
2026-06-04 18:36:24 [INF] Microsoft.Hosting.Lifetime : Now listening on: http://localhost:8080
2026-06-04 18:36:24 [INF] Microsoft.Hosting.Lifetime : Application started. Press Ctrl+C to shut down.
2026-06-04 18:36:24 [INF] Microsoft.Hosting.Lifetime : Hosting environment: Development
2026-06-04 18:36:24 [INF] Microsoft.Hosting.Lifetime : Content root path: /home/xCode666/dev-backend-dotnet/Starter/backend-dotnet/Backend
2026-06-04 18:36:29 [INF] Microsoft.EntityFrameworkCore.Database.Command 0HNM2D0OA79U6:00000001: Executed DbCommand (87ms) [Parameters=[@id='?' (DbType = Guid)], CommandType='"Text"', CommandTimeout='30']
SELECT u.id, u.created_at, u.email, u.name, u.password, u.updated_at
FROM users AS u
WHERE u.id = @id
LIMIT 1
2026-06-04 18:36:29 [INF] Backend.Application.Service.UserService 0HNM2D0OA79U6:00000001: User fetched
2026-06-04 18:36:38 [INF] Microsoft.EntityFrameworkCore.Database.Command 0HNM2D0OA79U7:0000000A: Executed DbCommand (3ms) [Parameters=[@id='?' (DbType = Guid)], CommandType='"Text"', CommandTimeout='30']
SELECT u.id, u.created_at, u.email, u.name, u.password, u.updated_at
FROM users AS u
WHERE u.id = @id
LIMIT 1
2026-06-04 18:36:38 [INF] Backend.Application.Service.UserService 0HNM2D0OA79U7:0000000A: User fetched
2026-06-04 18:39:51 [INF] Microsoft.Hosting.Lifetime : Application is shutting down...
2026-06-04 18:40:03 [INF] Microsoft.EntityFrameworkCore.Database.Command : Executed DbCommand (69ms) [Parameters=[], CommandType='"Text"', CommandTimeout='30']
SELECT 1
2026-06-04 18:40:03 [INF]  : Database connected successfully
2026-06-04 18:40:03 [INF] Microsoft.Hosting.Lifetime : Now listening on: http://localhost:8080
2026-06-04 18:40:03 [INF] Microsoft.Hosting.Lifetime : Application started. Press Ctrl+C to shut down.
2026-06-04 18:40:03 [INF] Microsoft.Hosting.Lifetime : Hosting environment: Development
2026-06-04 18:40:03 [INF] Microsoft.Hosting.Lifetime : Content root path: /home/xCode666/dev-backend-dotnet/Starter/backend-dotnet/Backend
2026-06-04 18:40:13 [INF] Microsoft.EntityFrameworkCore.Database.Command 0HNM2D2QVIVQA:00000001: Executed DbCommand (88ms) [Parameters=[@id='?' (DbType = Guid)], CommandType='"Text"', CommandTimeout='30']
SELECT u.id, u.created_at, u.email, u.name, u.password, u.updated_at
FROM users AS u
WHERE u.id = @id
LIMIT 1
2026-06-04 18:40:13 [INF] Backend.Application.Service.UserService 0HNM2D2QVIVQA:00000001: User fetched
2026-06-04 18:40:13 [ERR] Backend.Delivery.Http.Middleware.GlobalExceptionHandler 0HNM2D2QVIVQB:00000001: Unhandled exception: Record type 'Backend.Application.DTO.User.UpdateUserRequest' has validation metadata defined on property 'Email' that will be ignored. 'Email' is a parameter in the record primary constructor and validation metadata must be associated with the constructor parameter.System.InvalidOperationException: Record type 'Backend.Application.DTO.User.UpdateUserRequest' has validation metadata defined on property 'Email' that will be ignored. 'Email' is a parameter in the record primary constructor and validation metadata must be associated with the constructor parameter.
   at Microsoft.AspNetCore.Mvc.ModelBinding.ModelMetadata.ThrowIfRecordTypeHasValidationOnProperties()
   at Microsoft.AspNetCore.Mvc.ModelBinding.Validation.DefaultComplexObjectValidationStrategy.Enumerator..ctor(ModelMetadata modelMetadata, String key, Object model)
   at Microsoft.AspNetCore.Mvc.ModelBinding.Validation.DefaultComplexObjectValidationStrategy.GetChildren(ModelMetadata metadata, String key, Object model)
   at Microsoft.AspNetCore.Mvc.ModelBinding.Validation.ValidationVisitor.VisitChildren(IValidationStrategy strategy)
   at Microsoft.AspNetCore.Mvc.ModelBinding.Validation.ValidationVisitor.VisitComplexType(IValidationStrategy defaultStrategy)
   at Microsoft.AspNetCore.Mvc.ModelBinding.Validation.ValidationVisitor.VisitImplementation(ModelMetadata& metadata, String& key, Object model)
   at Microsoft.AspNetCore.Mvc.ModelBinding.Validation.ValidationVisitor.Visit(ModelMetadata metadata, String key, Object model)
   at Microsoft.AspNetCore.Mvc.ModelBinding.ObjectModelValidator.Validate(ActionContext actionContext, ValidationStateDictionary validationState, String prefix, Object model, ModelMetadata metadata, Object container)
   at Microsoft.AspNetCore.Mvc.ModelBinding.ParameterBinder.EnforceBindRequiredAndValidate(ObjectModelValidator baseObjectValidator, ActionContext actionContext, ParameterDescriptor parameter, ModelMetadata metadata, ModelBindingContext modelBindingContext, ModelBindingResult modelBindingResult, Object container)
   at Microsoft.AspNetCore.Mvc.ModelBinding.ParameterBinder.BindModelAsync(ActionContext actionContext, IModelBinder modelBinder, IValueProvider valueProvider, ParameterDescriptor parameter, ModelMetadata metadata, Object value, Object container)
   at Microsoft.AspNetCore.Mvc.Controllers.ControllerBinderDelegateProvider.<>c__DisplayClass0_0.<<CreateBinderDelegate>g__Bind|0>d.MoveNext()
--- End of stack trace from previous location ---
   at Microsoft.AspNetCore.Mvc.Infrastructure.ControllerActionInvoker.<InvokeInnerFilterAsync>g__Awaited|13_0(ControllerActionInvoker invoker, Task lastTask, State next, Scope scope, Object state, Boolean isCompleted)
   at Microsoft.AspNetCore.Mvc.Infrastructure.ResourceInvoker.<InvokeFilterPipelineAsync>g__Awaited|20_0(ResourceInvoker invoker, Task lastTask, State next, Scope scope, Object state, Boolean isCompleted)
   at Microsoft.AspNetCore.Mvc.Infrastructure.ResourceInvoker.<InvokeAsync>g__Awaited|17_0(ResourceInvoker invoker, Task task, IDisposable scope)
   at Microsoft.AspNetCore.Mvc.Infrastructure.ResourceInvoker.<InvokeAsync>g__Awaited|17_0(ResourceInvoker invoker, Task task, IDisposable scope)
   at Microsoft.AspNetCore.Authorization.AuthorizationMiddleware.Invoke(HttpContext context)
   at Microsoft.AspNetCore.Authentication.AuthenticationMiddleware.Invoke(HttpContext context)
   at Backend.Delivery.Http.Middleware.GlobalExceptionHandler.InvokeAsync(HttpContext context, RequestDelegate next) in /home/xCode666/dev-backend-dotnet/Starter/backend-dotnet/Backend/Delivery/Http/Middleware/GlobalExceptionHandler.cs:line 21

2026-06-04 18:40:14 [ERR] Backend.Delivery.Http.Middleware.GlobalExceptionHandler 0HNM2D2QVIVQB:00000002: Unhandled exception: Record type 'Backend.Application.DTO.User.UpdateUserRequest' has validation metadata defined on property 'Email' that will be ignored. 'Email' is a parameter in the record primary constructor and validation metadata must be associated with the constructor parameter.System.InvalidOperationException: Record type 'Backend.Application.DTO.User.UpdateUserRequest' has validation metadata defined on property 'Email' that will be ignored. 'Email' is a parameter in the record primary constructor and validation metadata must be associated with the constructor parameter.
   at Microsoft.AspNetCore.Mvc.ModelBinding.ModelMetadata.ThrowIfRecordTypeHasValidationOnProperties()
   at Microsoft.AspNetCore.Mvc.ModelBinding.Validation.DefaultComplexObjectValidationStrategy.Enumerator..ctor(ModelMetadata modelMetadata, String key, Object model)
   at Microsoft.AspNetCore.Mvc.ModelBinding.Validation.DefaultComplexObjectValidationStrategy.GetChildren(ModelMetadata metadata, String key, Object model)
   at Microsoft.AspNetCore.Mvc.ModelBinding.Validation.ValidationVisitor.VisitChildren(IValidationStrategy strategy)
   at Microsoft.AspNetCore.Mvc.ModelBinding.Validation.ValidationVisitor.VisitComplexType(IValidationStrategy defaultStrategy)
   at Microsoft.AspNetCore.Mvc.ModelBinding.Validation.ValidationVisitor.VisitImplementation(ModelMetadata& metadata, String& key, Object model)
   at Microsoft.AspNetCore.Mvc.ModelBinding.Validation.ValidationVisitor.Visit(ModelMetadata metadata, String key, Object model)
   at Microsoft.AspNetCore.Mvc.ModelBinding.ObjectModelValidator.Validate(ActionContext actionContext, ValidationStateDictionary validationState, String prefix, Object model, ModelMetadata metadata, Object container)
   at Microsoft.AspNetCore.Mvc.ModelBinding.ParameterBinder.EnforceBindRequiredAndValidate(ObjectModelValidator baseObjectValidator, ActionContext actionContext, ParameterDescriptor parameter, ModelMetadata metadata, ModelBindingContext modelBindingContext, ModelBindingResult modelBindingResult, Object container)
   at Microsoft.AspNetCore.Mvc.ModelBinding.ParameterBinder.BindModelAsync(ActionContext actionContext, IModelBinder modelBinder, IValueProvider valueProvider, ParameterDescriptor parameter, ModelMetadata metadata, Object value, Object container)
   at Microsoft.AspNetCore.Mvc.Controllers.ControllerBinderDelegateProvider.<>c__DisplayClass0_0.<<CreateBinderDelegate>g__Bind|0>d.MoveNext()
--- End of stack trace from previous location ---
   at Microsoft.AspNetCore.Mvc.Infrastructure.ControllerActionInvoker.<InvokeInnerFilterAsync>g__Awaited|13_0(ControllerActionInvoker invoker, Task lastTask, State next, Scope scope, Object state, Boolean isCompleted)
   at Microsoft.AspNetCore.Mvc.Infrastructure.ResourceInvoker.<InvokeFilterPipelineAsync>g__Awaited|20_0(ResourceInvoker invoker, Task lastTask, State next, Scope scope, Object state, Boolean isCompleted)
   at Microsoft.AspNetCore.Mvc.Infrastructure.ResourceInvoker.<InvokeAsync>g__Awaited|17_0(ResourceInvoker invoker, Task task, IDisposable scope)
   at Microsoft.AspNetCore.Mvc.Infrastructure.ResourceInvoker.<InvokeAsync>g__Awaited|17_0(ResourceInvoker invoker, Task task, IDisposable scope)
   at Microsoft.AspNetCore.Authorization.AuthorizationMiddleware.Invoke(HttpContext context)
   at Microsoft.AspNetCore.Authentication.AuthenticationMiddleware.Invoke(HttpContext context)
   at Backend.Delivery.Http.Middleware.GlobalExceptionHandler.InvokeAsync(HttpContext context, RequestDelegate next) in /home/xCode666/dev-backend-dotnet/Starter/backend-dotnet/Backend/Delivery/Http/Middleware/GlobalExceptionHandler.cs:line 21

2026-06-04 18:40:15 [ERR] Backend.Delivery.Http.Middleware.GlobalExceptionHandler 0HNM2D2QVIVQB:00000003: Unhandled exception: Record type 'Backend.Application.DTO.User.UpdateUserRequest' has validation metadata defined on property 'Email' that will be ignored. 'Email' is a parameter in the record primary constructor and validation metadata must be associated with the constructor parameter.System.InvalidOperationException: Record type 'Backend.Application.DTO.User.UpdateUserRequest' has validation metadata defined on property 'Email' that will be ignored. 'Email' is a parameter in the record primary constructor and validation metadata must be associated with the constructor parameter.
   at Microsoft.AspNetCore.Mvc.ModelBinding.ModelMetadata.ThrowIfRecordTypeHasValidationOnProperties()
   at Microsoft.AspNetCore.Mvc.ModelBinding.Validation.DefaultComplexObjectValidationStrategy.Enumerator..ctor(ModelMetadata modelMetadata, String key, Object model)
   at Microsoft.AspNetCore.Mvc.ModelBinding.Validation.DefaultComplexObjectValidationStrategy.GetChildren(ModelMetadata metadata, String key, Object model)
   at Microsoft.AspNetCore.Mvc.ModelBinding.Validation.ValidationVisitor.VisitChildren(IValidationStrategy strategy)
   at Microsoft.AspNetCore.Mvc.ModelBinding.Validation.ValidationVisitor.VisitComplexType(IValidationStrategy defaultStrategy)
   at Microsoft.AspNetCore.Mvc.ModelBinding.Validation.ValidationVisitor.VisitImplementation(ModelMetadata& metadata, String& key, Object model)
   at Microsoft.AspNetCore.Mvc.ModelBinding.Validation.ValidationVisitor.Visit(ModelMetadata metadata, String key, Object model)
   at Microsoft.AspNetCore.Mvc.ModelBinding.ObjectModelValidator.Validate(ActionContext actionContext, ValidationStateDictionary validationState, String prefix, Object model, ModelMetadata metadata, Object container)
   at Microsoft.AspNetCore.Mvc.ModelBinding.ParameterBinder.EnforceBindRequiredAndValidate(ObjectModelValidator baseObjectValidator, ActionContext actionContext, ParameterDescriptor parameter, ModelMetadata metadata, ModelBindingContext modelBindingContext, ModelBindingResult modelBindingResult, Object container)
   at Microsoft.AspNetCore.Mvc.ModelBinding.ParameterBinder.BindModelAsync(ActionContext actionContext, IModelBinder modelBinder, IValueProvider valueProvider, ParameterDescriptor parameter, ModelMetadata metadata, Object value, Object container)
   at Microsoft.AspNetCore.Mvc.Controllers.ControllerBinderDelegateProvider.<>c__DisplayClass0_0.<<CreateBinderDelegate>g__Bind|0>d.MoveNext()
--- End of stack trace from previous location ---
   at Microsoft.AspNetCore.Mvc.Infrastructure.ControllerActionInvoker.<InvokeInnerFilterAsync>g__Awaited|13_0(ControllerActionInvoker invoker, Task lastTask, State next, Scope scope, Object state, Boolean isCompleted)
   at Microsoft.AspNetCore.Mvc.Infrastructure.ResourceInvoker.<InvokeFilterPipelineAsync>g__Awaited|20_0(ResourceInvoker invoker, Task lastTask, State next, Scope scope, Object state, Boolean isCompleted)
   at Microsoft.AspNetCore.Mvc.Infrastructure.ResourceInvoker.<InvokeAsync>g__Awaited|17_0(ResourceInvoker invoker, Task task, IDisposable scope)
   at Microsoft.AspNetCore.Mvc.Infrastructure.ResourceInvoker.<InvokeAsync>g__Awaited|17_0(ResourceInvoker invoker, Task task, IDisposable scope)
   at Microsoft.AspNetCore.Authorization.AuthorizationMiddleware.Invoke(HttpContext context)
   at Microsoft.AspNetCore.Authentication.AuthenticationMiddleware.Invoke(HttpContext context)
   at Backend.Delivery.Http.Middleware.GlobalExceptionHandler.InvokeAsync(HttpContext context, RequestDelegate next) in /home/xCode666/dev-backend-dotnet/Starter/backend-dotnet/Backend/Delivery/Http/Middleware/GlobalExceptionHandler.cs:line 21

2026-06-04 18:40:15 [ERR] Backend.Delivery.Http.Middleware.GlobalExceptionHandler 0HNM2D2QVIVQB:00000004: Unhandled exception: Record type 'Backend.Application.DTO.User.UpdateUserRequest' has validation metadata defined on property 'Email' that will be ignored. 'Email' is a parameter in the record primary constructor and validation metadata must be associated with the constructor parameter.System.InvalidOperationException: Record type 'Backend.Application.DTO.User.UpdateUserRequest' has validation metadata defined on property 'Email' that will be ignored. 'Email' is a parameter in the record primary constructor and validation metadata must be associated with the constructor parameter.
   at Microsoft.AspNetCore.Mvc.ModelBinding.ModelMetadata.ThrowIfRecordTypeHasValidationOnProperties()
   at Microsoft.AspNetCore.Mvc.ModelBinding.Validation.DefaultComplexObjectValidationStrategy.Enumerator..ctor(ModelMetadata modelMetadata, String key, Object model)
   at Microsoft.AspNetCore.Mvc.ModelBinding.Validation.DefaultComplexObjectValidationStrategy.GetChildren(ModelMetadata metadata, String key, Object model)
   at Microsoft.AspNetCore.Mvc.ModelBinding.Validation.ValidationVisitor.VisitChildren(IValidationStrategy strategy)
   at Microsoft.AspNetCore.Mvc.ModelBinding.Validation.ValidationVisitor.VisitComplexType(IValidationStrategy defaultStrategy)
   at Microsoft.AspNetCore.Mvc.ModelBinding.Validation.ValidationVisitor.VisitImplementation(ModelMetadata& metadata, String& key, Object model)
   at Microsoft.AspNetCore.Mvc.ModelBinding.Validation.ValidationVisitor.Visit(ModelMetadata metadata, String key, Object model)
   at Microsoft.AspNetCore.Mvc.ModelBinding.ObjectModelValidator.Validate(ActionContext actionContext, ValidationStateDictionary validationState, String prefix, Object model, ModelMetadata metadata, Object container)
   at Microsoft.AspNetCore.Mvc.ModelBinding.ParameterBinder.EnforceBindRequiredAndValidate(ObjectModelValidator baseObjectValidator, ActionContext actionContext, ParameterDescriptor parameter, ModelMetadata metadata, ModelBindingContext modelBindingContext, ModelBindingResult modelBindingResult, Object container)
   at Microsoft.AspNetCore.Mvc.ModelBinding.ParameterBinder.BindModelAsync(ActionContext actionContext, IModelBinder modelBinder, IValueProvider valueProvider, ParameterDescriptor parameter, ModelMetadata metadata, Object value, Object container)
   at Microsoft.AspNetCore.Mvc.Controllers.ControllerBinderDelegateProvider.<>c__DisplayClass0_0.<<CreateBinderDelegate>g__Bind|0>d.MoveNext()
--- End of stack trace from previous location ---
   at Microsoft.AspNetCore.Mvc.Infrastructure.ControllerActionInvoker.<InvokeInnerFilterAsync>g__Awaited|13_0(ControllerActionInvoker invoker, Task lastTask, State next, Scope scope, Object state, Boolean isCompleted)
   at Microsoft.AspNetCore.Mvc.Infrastructure.ResourceInvoker.<InvokeFilterPipelineAsync>g__Awaited|20_0(ResourceInvoker invoker, Task lastTask, State next, Scope scope, Object state, Boolean isCompleted)
   at Microsoft.AspNetCore.Mvc.Infrastructure.ResourceInvoker.<InvokeAsync>g__Awaited|17_0(ResourceInvoker invoker, Task task, IDisposable scope)
   at Microsoft.AspNetCore.Mvc.Infrastructure.ResourceInvoker.<InvokeAsync>g__Awaited|17_0(ResourceInvoker invoker, Task task, IDisposable scope)
   at Microsoft.AspNetCore.Authorization.AuthorizationMiddleware.Invoke(HttpContext context)
   at Microsoft.AspNetCore.Authentication.AuthenticationMiddleware.Invoke(HttpContext context)
   at Backend.Delivery.Http.Middleware.GlobalExceptionHandler.InvokeAsync(HttpContext context, RequestDelegate next) in /home/xCode666/dev-backend-dotnet/Starter/backend-dotnet/Backend/Delivery/Http/Middleware/GlobalExceptionHandler.cs:line 21

2026-06-04 18:40:39 [INF] Microsoft.EntityFrameworkCore.Database.Command 0HNM2D2QVIVQB:00000005: Executed DbCommand (3ms) [Parameters=[@id='?' (DbType = Guid)], CommandType='"Text"', CommandTimeout='30']
SELECT u.id, u.created_at, u.email, u.name, u.password, u.updated_at
FROM users AS u
WHERE u.id = @id
LIMIT 1
2026-06-04 18:40:39 [INF] Backend.Application.Service.UserService 0HNM2D2QVIVQB:00000005: User fetched
2026-06-04 18:42:47 [INF] Microsoft.Hosting.Lifetime : Application is shutting down...
2026-06-04 18:43:28 [INF] Microsoft.EntityFrameworkCore.Database.Command : Executed DbCommand (53ms) [Parameters=[], CommandType='"Text"', CommandTimeout='30']
SELECT 1
2026-06-04 18:43:28 [INF]  : Database connected successfully
2026-06-04 18:43:29 [INF] Microsoft.Hosting.Lifetime : Now listening on: http://localhost:8080
2026-06-04 18:43:29 [INF] Microsoft.Hosting.Lifetime : Application started. Press Ctrl+C to shut down.
2026-06-04 18:43:29 [INF] Microsoft.Hosting.Lifetime : Hosting environment: Development
2026-06-04 18:43:29 [INF] Microsoft.Hosting.Lifetime : Content root path: /home/xCode666/dev-backend-dotnet/Starter/backend-dotnet/Backend
2026-06-04 18:43:37 [INF] Microsoft.EntityFrameworkCore.Database.Command 0HNM2D4NSFGC2:00000001: Executed DbCommand (91ms) [Parameters=[@id='?' (DbType = Guid)], CommandType='"Text"', CommandTimeout='30']
SELECT u.id, u.created_at, u.email, u.name, u.password, u.updated_at
FROM users AS u
WHERE u.id = @id
LIMIT 1
2026-06-04 18:43:37 [INF] Backend.Application.Service.UserService 0HNM2D4NSFGC2:00000001: User fetched
2026-06-04 18:43:37 [ERR] Backend.Delivery.Http.Middleware.GlobalExceptionHandler 0HNM2D4NSFGC3:00000001: Unhandled exception: Record type 'Backend.Application.DTO.User.UpdateUserRequest' has validation metadata defined on property 'Email' that will be ignored. 'Email' is a parameter in the record primary constructor and validation metadata must be associated with the constructor parameter.System.InvalidOperationException: Record type 'Backend.Application.DTO.User.UpdateUserRequest' has validation metadata defined on property 'Email' that will be ignored. 'Email' is a parameter in the record primary constructor and validation metadata must be associated with the constructor parameter.
   at Microsoft.AspNetCore.Mvc.ModelBinding.ModelMetadata.ThrowIfRecordTypeHasValidationOnProperties()
   at Microsoft.AspNetCore.Mvc.ModelBinding.Validation.DefaultComplexObjectValidationStrategy.Enumerator..ctor(ModelMetadata modelMetadata, String key, Object model)
   at Microsoft.AspNetCore.Mvc.ModelBinding.Validation.DefaultComplexObjectValidationStrategy.GetChildren(ModelMetadata metadata, String key, Object model)
   at Microsoft.AspNetCore.Mvc.ModelBinding.Validation.ValidationVisitor.VisitChildren(IValidationStrategy strategy)
   at Microsoft.AspNetCore.Mvc.ModelBinding.Validation.ValidationVisitor.VisitComplexType(IValidationStrategy defaultStrategy)
   at Microsoft.AspNetCore.Mvc.ModelBinding.Validation.ValidationVisitor.VisitImplementation(ModelMetadata& metadata, String& key, Object model)
   at Microsoft.AspNetCore.Mvc.ModelBinding.Validation.ValidationVisitor.Visit(ModelMetadata metadata, String key, Object model)
   at Microsoft.AspNetCore.Mvc.ModelBinding.ObjectModelValidator.Validate(ActionContext actionContext, ValidationStateDictionary validationState, String prefix, Object model, ModelMetadata metadata, Object container)
   at Microsoft.AspNetCore.Mvc.ModelBinding.ParameterBinder.EnforceBindRequiredAndValidate(ObjectModelValidator baseObjectValidator, ActionContext actionContext, ParameterDescriptor parameter, ModelMetadata metadata, ModelBindingContext modelBindingContext, ModelBindingResult modelBindingResult, Object container)
   at Microsoft.AspNetCore.Mvc.ModelBinding.ParameterBinder.BindModelAsync(ActionContext actionContext, IModelBinder modelBinder, IValueProvider valueProvider, ParameterDescriptor parameter, ModelMetadata metadata, Object value, Object container)
   at Microsoft.AspNetCore.Mvc.Controllers.ControllerBinderDelegateProvider.<>c__DisplayClass0_0.<<CreateBinderDelegate>g__Bind|0>d.MoveNext()
--- End of stack trace from previous location ---
   at Microsoft.AspNetCore.Mvc.Infrastructure.ControllerActionInvoker.<InvokeInnerFilterAsync>g__Awaited|13_0(ControllerActionInvoker invoker, Task lastTask, State next, Scope scope, Object state, Boolean isCompleted)
   at Microsoft.AspNetCore.Mvc.Infrastructure.ResourceInvoker.<InvokeFilterPipelineAsync>g__Awaited|20_0(ResourceInvoker invoker, Task lastTask, State next, Scope scope, Object state, Boolean isCompleted)
   at Microsoft.AspNetCore.Mvc.Infrastructure.ResourceInvoker.<InvokeAsync>g__Awaited|17_0(ResourceInvoker invoker, Task task, IDisposable scope)
   at Microsoft.AspNetCore.Mvc.Infrastructure.ResourceInvoker.<InvokeAsync>g__Awaited|17_0(ResourceInvoker invoker, Task task, IDisposable scope)
   at Microsoft.AspNetCore.Authorization.AuthorizationMiddleware.Invoke(HttpContext context)
   at Microsoft.AspNetCore.Authentication.AuthenticationMiddleware.Invoke(HttpContext context)
   at Backend.Delivery.Http.Middleware.GlobalExceptionHandler.InvokeAsync(HttpContext context, RequestDelegate next) in /home/xCode666/dev-backend-dotnet/Starter/backend-dotnet/Backend/Delivery/Http/Middleware/GlobalExceptionHandler.cs:line 21

2026-06-04 18:43:38 [ERR] Backend.Delivery.Http.Middleware.GlobalExceptionHandler 0HNM2D4NSFGC3:00000002: Unhandled exception: Record type 'Backend.Application.DTO.User.UpdateUserRequest' has validation metadata defined on property 'Email' that will be ignored. 'Email' is a parameter in the record primary constructor and validation metadata must be associated with the constructor parameter.System.InvalidOperationException: Record type 'Backend.Application.DTO.User.UpdateUserRequest' has validation metadata defined on property 'Email' that will be ignored. 'Email' is a parameter in the record primary constructor and validation metadata must be associated with the constructor parameter.
   at Microsoft.AspNetCore.Mvc.ModelBinding.ModelMetadata.ThrowIfRecordTypeHasValidationOnProperties()
   at Microsoft.AspNetCore.Mvc.ModelBinding.Validation.DefaultComplexObjectValidationStrategy.Enumerator..ctor(ModelMetadata modelMetadata, String key, Object model)
   at Microsoft.AspNetCore.Mvc.ModelBinding.Validation.DefaultComplexObjectValidationStrategy.GetChildren(ModelMetadata metadata, String key, Object model)
   at Microsoft.AspNetCore.Mvc.ModelBinding.Validation.ValidationVisitor.VisitChildren(IValidationStrategy strategy)
   at Microsoft.AspNetCore.Mvc.ModelBinding.Validation.ValidationVisitor.VisitComplexType(IValidationStrategy defaultStrategy)
   at Microsoft.AspNetCore.Mvc.ModelBinding.Validation.ValidationVisitor.VisitImplementation(ModelMetadata& metadata, String& key, Object model)
   at Microsoft.AspNetCore.Mvc.ModelBinding.Validation.ValidationVisitor.Visit(ModelMetadata metadata, String key, Object model)
   at Microsoft.AspNetCore.Mvc.ModelBinding.ObjectModelValidator.Validate(ActionContext actionContext, ValidationStateDictionary validationState, String prefix, Object model, ModelMetadata metadata, Object container)
   at Microsoft.AspNetCore.Mvc.ModelBinding.ParameterBinder.EnforceBindRequiredAndValidate(ObjectModelValidator baseObjectValidator, ActionContext actionContext, ParameterDescriptor parameter, ModelMetadata metadata, ModelBindingContext modelBindingContext, ModelBindingResult modelBindingResult, Object container)
   at Microsoft.AspNetCore.Mvc.ModelBinding.ParameterBinder.BindModelAsync(ActionContext actionContext, IModelBinder modelBinder, IValueProvider valueProvider, ParameterDescriptor parameter, ModelMetadata metadata, Object value, Object container)
   at Microsoft.AspNetCore.Mvc.Controllers.ControllerBinderDelegateProvider.<>c__DisplayClass0_0.<<CreateBinderDelegate>g__Bind|0>d.MoveNext()
--- End of stack trace from previous location ---
   at Microsoft.AspNetCore.Mvc.Infrastructure.ControllerActionInvoker.<InvokeInnerFilterAsync>g__Awaited|13_0(ControllerActionInvoker invoker, Task lastTask, State next, Scope scope, Object state, Boolean isCompleted)
   at Microsoft.AspNetCore.Mvc.Infrastructure.ResourceInvoker.<InvokeFilterPipelineAsync>g__Awaited|20_0(ResourceInvoker invoker, Task lastTask, State next, Scope scope, Object state, Boolean isCompleted)
   at Microsoft.AspNetCore.Mvc.Infrastructure.ResourceInvoker.<InvokeAsync>g__Awaited|17_0(ResourceInvoker invoker, Task task, IDisposable scope)
   at Microsoft.AspNetCore.Mvc.Infrastructure.ResourceInvoker.<InvokeAsync>g__Awaited|17_0(ResourceInvoker invoker, Task task, IDisposable scope)
   at Microsoft.AspNetCore.Authorization.AuthorizationMiddleware.Invoke(HttpContext context)
   at Microsoft.AspNetCore.Authentication.AuthenticationMiddleware.Invoke(HttpContext context)
   at Backend.Delivery.Http.Middleware.GlobalExceptionHandler.InvokeAsync(HttpContext context, RequestDelegate next) in /home/xCode666/dev-backend-dotnet/Starter/backend-dotnet/Backend/Delivery/Http/Middleware/GlobalExceptionHandler.cs:line 21

2026-06-04 18:43:52 [INF] Microsoft.EntityFrameworkCore.Database.Command 0HNM2D4NSFGC3:00000003: Executed DbCommand (2ms) [Parameters=[@id='?' (DbType = Guid)], CommandType='"Text"', CommandTimeout='30']
SELECT u.id, u.created_at, u.email, u.name, u.password, u.updated_at
FROM users AS u
WHERE u.id = @id
LIMIT 1
2026-06-04 18:43:52 [INF] Backend.Application.Service.UserService 0HNM2D4NSFGC3:00000003: User fetched
2026-06-04 18:44:14 [INF] Microsoft.Hosting.Lifetime : Application is shutting down...
2026-06-04 18:44:25 [INF] Microsoft.EntityFrameworkCore.Database.Command : Executed DbCommand (55ms) [Parameters=[], CommandType='"Text"', CommandTimeout='30']
SELECT 1
2026-06-04 18:44:25 [INF]  : Database connected successfully
2026-06-04 18:44:25 [INF] Microsoft.Hosting.Lifetime : Now listening on: http://localhost:8080
2026-06-04 18:44:25 [INF] Microsoft.Hosting.Lifetime : Application started. Press Ctrl+C to shut down.
2026-06-04 18:44:25 [INF] Microsoft.Hosting.Lifetime : Hosting environment: Development
2026-06-04 18:44:25 [INF] Microsoft.Hosting.Lifetime : Content root path: /home/xCode666/dev-backend-dotnet/Starter/backend-dotnet/Backend
2026-06-04 18:44:29 [INF] Microsoft.EntityFrameworkCore.Database.Command 0HNM2D57D5ELH:00000001: Executed DbCommand (82ms) [Parameters=[@id='?' (DbType = Guid)], CommandType='"Text"', CommandTimeout='30']
SELECT u.id, u.created_at, u.email, u.name, u.password, u.updated_at
FROM users AS u
WHERE u.id = @id
LIMIT 1
2026-06-04 18:44:29 [INF] Microsoft.EntityFrameworkCore.Database.Command 0HNM2D57D5ELI:00000001: Executed DbCommand (11ms) [Parameters=[], CommandType='"Text"', CommandTimeout='30']
SELECT u.id, u.created_at, u.email, u.name, u.password, u.updated_at
FROM users AS u
2026-06-04 18:44:29 [INF] Backend.Application.Service.UserService 0HNM2D57D5ELH:00000001: User fetched
2026-06-04 18:44:29 [INF] Backend.Application.Service.UserService 0HNM2D57D5ELI:00000001: Users fetched 2
2026-06-04 18:44:31 [INF] Microsoft.EntityFrameworkCore.Database.Command 0HNM2D57D5ELI:00000002: Executed DbCommand (3ms) [Parameters=[@id='?' (DbType = Guid)], CommandType='"Text"', CommandTimeout='30']
SELECT u.id, u.created_at, u.email, u.name, u.password, u.updated_at
FROM users AS u
WHERE u.id = @id
LIMIT 1
2026-06-04 18:44:31 [INF] Backend.Application.Service.UserService 0HNM2D57D5ELI:00000002: User fetched
2026-06-04 18:44:33 [ERR] Backend.Delivery.Http.Middleware.GlobalExceptionHandler 0HNM2D57D5ELI:00000003: Unhandled exception: Record type 'Backend.Application.DTO.User.UpdateUserRequest' has validation metadata defined on property 'Email' that will be ignored. 'Email' is a parameter in the record primary constructor and validation metadata must be associated with the constructor parameter.System.InvalidOperationException: Record type 'Backend.Application.DTO.User.UpdateUserRequest' has validation metadata defined on property 'Email' that will be ignored. 'Email' is a parameter in the record primary constructor and validation metadata must be associated with the constructor parameter.
   at Microsoft.AspNetCore.Mvc.ModelBinding.ModelMetadata.ThrowIfRecordTypeHasValidationOnProperties()
   at Microsoft.AspNetCore.Mvc.ModelBinding.Validation.DefaultComplexObjectValidationStrategy.Enumerator..ctor(ModelMetadata modelMetadata, String key, Object model)
   at Microsoft.AspNetCore.Mvc.ModelBinding.Validation.DefaultComplexObjectValidationStrategy.GetChildren(ModelMetadata metadata, String key, Object model)
   at Microsoft.AspNetCore.Mvc.ModelBinding.Validation.ValidationVisitor.VisitChildren(IValidationStrategy strategy)
   at Microsoft.AspNetCore.Mvc.ModelBinding.Validation.ValidationVisitor.VisitComplexType(IValidationStrategy defaultStrategy)
   at Microsoft.AspNetCore.Mvc.ModelBinding.Validation.ValidationVisitor.VisitImplementation(ModelMetadata& metadata, String& key, Object model)
   at Microsoft.AspNetCore.Mvc.ModelBinding.Validation.ValidationVisitor.Visit(ModelMetadata metadata, String key, Object model)
   at Microsoft.AspNetCore.Mvc.ModelBinding.ObjectModelValidator.Validate(ActionContext actionContext, ValidationStateDictionary validationState, String prefix, Object model, ModelMetadata metadata, Object container)
   at Microsoft.AspNetCore.Mvc.ModelBinding.ParameterBinder.EnforceBindRequiredAndValidate(ObjectModelValidator baseObjectValidator, ActionContext actionContext, ParameterDescriptor parameter, ModelMetadata metadata, ModelBindingContext modelBindingContext, ModelBindingResult modelBindingResult, Object container)
   at Microsoft.AspNetCore.Mvc.ModelBinding.ParameterBinder.BindModelAsync(ActionContext actionContext, IModelBinder modelBinder, IValueProvider valueProvider, ParameterDescriptor parameter, ModelMetadata metadata, Object value, Object container)
   at Microsoft.AspNetCore.Mvc.Controllers.ControllerBinderDelegateProvider.<>c__DisplayClass0_0.<<CreateBinderDelegate>g__Bind|0>d.MoveNext()
--- End of stack trace from previous location ---
   at Microsoft.AspNetCore.Mvc.Infrastructure.ControllerActionInvoker.<InvokeInnerFilterAsync>g__Awaited|13_0(ControllerActionInvoker invoker, Task lastTask, State next, Scope scope, Object state, Boolean isCompleted)
   at Microsoft.AspNetCore.Mvc.Infrastructure.ResourceInvoker.<InvokeFilterPipelineAsync>g__Awaited|20_0(ResourceInvoker invoker, Task lastTask, State next, Scope scope, Object state, Boolean isCompleted)
   at Microsoft.AspNetCore.Mvc.Infrastructure.ResourceInvoker.<InvokeAsync>g__Awaited|17_0(ResourceInvoker invoker, Task task, IDisposable scope)
   at Microsoft.AspNetCore.Mvc.Infrastructure.ResourceInvoker.<InvokeAsync>g__Awaited|17_0(ResourceInvoker invoker, Task task, IDisposable scope)
   at Microsoft.AspNetCore.Authorization.AuthorizationMiddleware.Invoke(HttpContext context)
   at Microsoft.AspNetCore.Authentication.AuthenticationMiddleware.Invoke(HttpContext context)
   at Backend.Delivery.Http.Middleware.GlobalExceptionHandler.InvokeAsync(HttpContext context, RequestDelegate next) in /home/xCode666/dev-backend-dotnet/Starter/backend-dotnet/Backend/Delivery/Http/Middleware/GlobalExceptionHandler.cs:line 21

2026-06-04 18:44:34 [ERR] Backend.Delivery.Http.Middleware.GlobalExceptionHandler 0HNM2D57D5ELI:00000004: Unhandled exception: Record type 'Backend.Application.DTO.User.UpdateUserRequest' has validation metadata defined on property 'Email' that will be ignored. 'Email' is a parameter in the record primary constructor and validation metadata must be associated with the constructor parameter.System.InvalidOperationException: Record type 'Backend.Application.DTO.User.UpdateUserRequest' has validation metadata defined on property 'Email' that will be ignored. 'Email' is a parameter in the record primary constructor and validation metadata must be associated with the constructor parameter.
   at Microsoft.AspNetCore.Mvc.ModelBinding.ModelMetadata.ThrowIfRecordTypeHasValidationOnProperties()
   at Microsoft.AspNetCore.Mvc.ModelBinding.Validation.DefaultComplexObjectValidationStrategy.Enumerator..ctor(ModelMetadata modelMetadata, String key, Object model)
   at Microsoft.AspNetCore.Mvc.ModelBinding.Validation.DefaultComplexObjectValidationStrategy.GetChildren(ModelMetadata metadata, String key, Object model)
   at Microsoft.AspNetCore.Mvc.ModelBinding.Validation.ValidationVisitor.VisitChildren(IValidationStrategy strategy)
   at Microsoft.AspNetCore.Mvc.ModelBinding.Validation.ValidationVisitor.VisitComplexType(IValidationStrategy defaultStrategy)
   at Microsoft.AspNetCore.Mvc.ModelBinding.Validation.ValidationVisitor.VisitImplementation(ModelMetadata& metadata, String& key, Object model)
   at Microsoft.AspNetCore.Mvc.ModelBinding.Validation.ValidationVisitor.Visit(ModelMetadata metadata, String key, Object model)
   at Microsoft.AspNetCore.Mvc.ModelBinding.ObjectModelValidator.Validate(ActionContext actionContext, ValidationStateDictionary validationState, String prefix, Object model, ModelMetadata metadata, Object container)
   at Microsoft.AspNetCore.Mvc.ModelBinding.ParameterBinder.EnforceBindRequiredAndValidate(ObjectModelValidator baseObjectValidator, ActionContext actionContext, ParameterDescriptor parameter, ModelMetadata metadata, ModelBindingContext modelBindingContext, ModelBindingResult modelBindingResult, Object container)
   at Microsoft.AspNetCore.Mvc.ModelBinding.ParameterBinder.BindModelAsync(ActionContext actionContext, IModelBinder modelBinder, IValueProvider valueProvider, ParameterDescriptor parameter, ModelMetadata metadata, Object value, Object container)
   at Microsoft.AspNetCore.Mvc.Controllers.ControllerBinderDelegateProvider.<>c__DisplayClass0_0.<<CreateBinderDelegate>g__Bind|0>d.MoveNext()
--- End of stack trace from previous location ---
   at Microsoft.AspNetCore.Mvc.Infrastructure.ControllerActionInvoker.<InvokeInnerFilterAsync>g__Awaited|13_0(ControllerActionInvoker invoker, Task lastTask, State next, Scope scope, Object state, Boolean isCompleted)
   at Microsoft.AspNetCore.Mvc.Infrastructure.ResourceInvoker.<InvokeFilterPipelineAsync>g__Awaited|20_0(ResourceInvoker invoker, Task lastTask, State next, Scope scope, Object state, Boolean isCompleted)
   at Microsoft.AspNetCore.Mvc.Infrastructure.ResourceInvoker.<InvokeAsync>g__Awaited|17_0(ResourceInvoker invoker, Task task, IDisposable scope)
   at Microsoft.AspNetCore.Mvc.Infrastructure.ResourceInvoker.<InvokeAsync>g__Awaited|17_0(ResourceInvoker invoker, Task task, IDisposable scope)
   at Microsoft.AspNetCore.Authorization.AuthorizationMiddleware.Invoke(HttpContext context)
   at Microsoft.AspNetCore.Authentication.AuthenticationMiddleware.Invoke(HttpContext context)
   at Backend.Delivery.Http.Middleware.GlobalExceptionHandler.InvokeAsync(HttpContext context, RequestDelegate next) in /home/xCode666/dev-backend-dotnet/Starter/backend-dotnet/Backend/Delivery/Http/Middleware/GlobalExceptionHandler.cs:line 21

2026-06-04 18:44:34 [ERR] Backend.Delivery.Http.Middleware.GlobalExceptionHandler 0HNM2D57D5ELI:00000005: Unhandled exception: Record type 'Backend.Application.DTO.User.UpdateUserRequest' has validation metadata defined on property 'Email' that will be ignored. 'Email' is a parameter in the record primary constructor and validation metadata must be associated with the constructor parameter.System.InvalidOperationException: Record type 'Backend.Application.DTO.User.UpdateUserRequest' has validation metadata defined on property 'Email' that will be ignored. 'Email' is a parameter in the record primary constructor and validation metadata must be associated with the constructor parameter.
   at Microsoft.AspNetCore.Mvc.ModelBinding.ModelMetadata.ThrowIfRecordTypeHasValidationOnProperties()
   at Microsoft.AspNetCore.Mvc.ModelBinding.Validation.DefaultComplexObjectValidationStrategy.Enumerator..ctor(ModelMetadata modelMetadata, String key, Object model)
   at Microsoft.AspNetCore.Mvc.ModelBinding.Validation.DefaultComplexObjectValidationStrategy.GetChildren(ModelMetadata metadata, String key, Object model)
   at Microsoft.AspNetCore.Mvc.ModelBinding.Validation.ValidationVisitor.VisitChildren(IValidationStrategy strategy)
   at Microsoft.AspNetCore.Mvc.ModelBinding.Validation.ValidationVisitor.VisitComplexType(IValidationStrategy defaultStrategy)
   at Microsoft.AspNetCore.Mvc.ModelBinding.Validation.ValidationVisitor.VisitImplementation(ModelMetadata& metadata, String& key, Object model)
   at Microsoft.AspNetCore.Mvc.ModelBinding.Validation.ValidationVisitor.Visit(ModelMetadata metadata, String key, Object model)
   at Microsoft.AspNetCore.Mvc.ModelBinding.ObjectModelValidator.Validate(ActionContext actionContext, ValidationStateDictionary validationState, String prefix, Object model, ModelMetadata metadata, Object container)
   at Microsoft.AspNetCore.Mvc.ModelBinding.ParameterBinder.EnforceBindRequiredAndValidate(ObjectModelValidator baseObjectValidator, ActionContext actionContext, ParameterDescriptor parameter, ModelMetadata metadata, ModelBindingContext modelBindingContext, ModelBindingResult modelBindingResult, Object container)
   at Microsoft.AspNetCore.Mvc.ModelBinding.ParameterBinder.BindModelAsync(ActionContext actionContext, IModelBinder modelBinder, IValueProvider valueProvider, ParameterDescriptor parameter, ModelMetadata metadata, Object value, Object container)
   at Microsoft.AspNetCore.Mvc.Controllers.ControllerBinderDelegateProvider.<>c__DisplayClass0_0.<<CreateBinderDelegate>g__Bind|0>d.MoveNext()
--- End of stack trace from previous location ---
   at Microsoft.AspNetCore.Mvc.Infrastructure.ControllerActionInvoker.<InvokeInnerFilterAsync>g__Awaited|13_0(ControllerActionInvoker invoker, Task lastTask, State next, Scope scope, Object state, Boolean isCompleted)
   at Microsoft.AspNetCore.Mvc.Infrastructure.ResourceInvoker.<InvokeFilterPipelineAsync>g__Awaited|20_0(ResourceInvoker invoker, Task lastTask, State next, Scope scope, Object state, Boolean isCompleted)
   at Microsoft.AspNetCore.Mvc.Infrastructure.ResourceInvoker.<InvokeAsync>g__Awaited|17_0(ResourceInvoker invoker, Task task, IDisposable scope)
   at Microsoft.AspNetCore.Mvc.Infrastructure.ResourceInvoker.<InvokeAsync>g__Awaited|17_0(ResourceInvoker invoker, Task task, IDisposable scope)
   at Microsoft.AspNetCore.Authorization.AuthorizationMiddleware.Invoke(HttpContext context)
   at Microsoft.AspNetCore.Authentication.AuthenticationMiddleware.Invoke(HttpContext context)
   at Backend.Delivery.Http.Middleware.GlobalExceptionHandler.InvokeAsync(HttpContext context, RequestDelegate next) in /home/xCode666/dev-backend-dotnet/Starter/backend-dotnet/Backend/Delivery/Http/Middleware/GlobalExceptionHandler.cs:line 21

2026-06-04 18:45:00 [INF] Microsoft.Hosting.Lifetime : Application is shutting down...
2026-06-04 18:45:12 [INF] Microsoft.EntityFrameworkCore.Database.Command : Executed DbCommand (57ms) [Parameters=[], CommandType='"Text"', CommandTimeout='30']
SELECT 1
2026-06-04 18:45:12 [INF]  : Database connected successfully
2026-06-04 18:45:12 [INF] Microsoft.Hosting.Lifetime : Now listening on: http://localhost:8080
2026-06-04 18:45:12 [INF] Microsoft.Hosting.Lifetime : Application started. Press Ctrl+C to shut down.
2026-06-04 18:45:12 [INF] Microsoft.Hosting.Lifetime : Hosting environment: Development
2026-06-04 18:45:12 [INF] Microsoft.Hosting.Lifetime : Content root path: /home/xCode666/dev-backend-dotnet/Starter/backend-dotnet/Backend
2026-06-04 18:45:44 [INF] Microsoft.Hosting.Lifetime : Application is shutting down...
2026-06-04 18:45:54 [INF] Microsoft.EntityFrameworkCore.Database.Command : Executed DbCommand (55ms) [Parameters=[], CommandType='"Text"', CommandTimeout='30']
SELECT 1
2026-06-04 18:45:54 [INF]  : Database connected successfully
2026-06-04 18:45:55 [INF] Microsoft.Hosting.Lifetime : Now listening on: http://localhost:8080
2026-06-04 18:45:55 [INF] Microsoft.Hosting.Lifetime : Application started. Press Ctrl+C to shut down.
2026-06-04 18:45:55 [INF] Microsoft.Hosting.Lifetime : Hosting environment: Development
2026-06-04 18:45:55 [INF] Microsoft.Hosting.Lifetime : Content root path: /home/xCode666/dev-backend-dotnet/Starter/backend-dotnet/Backend
2026-06-04 18:46:11 [INF] Microsoft.EntityFrameworkCore.Database.Command 0HNM2D65PFQDI:00000001: Executed DbCommand (96ms) [Parameters=[@email='?'], CommandType='"Text"', CommandTimeout='30']
SELECT u.id, u.created_at, u.email, u.name, u.password, u.updated_at
FROM users AS u
WHERE u.email = @email
LIMIT 1
2026-06-04 18:46:12 [INF] Backend.Application.Service.AuthService 0HNM2D65PFQDI:00000001: User signed in "e08b0177-c131-406a-b49b-f1a1162ea86b"
2026-06-04 18:46:35 [INF] Microsoft.Hosting.Lifetime : Application is shutting down...
2026-06-04 18:47:58 [INF] Microsoft.EntityFrameworkCore.Database.Command : Executed DbCommand (64ms) [Parameters=[], CommandType='"Text"', CommandTimeout='30']
SELECT 1
2026-06-04 18:47:58 [INF]  : Database connected successfully
2026-06-04 18:47:59 [INF] Microsoft.Hosting.Lifetime : Now listening on: http://localhost:8080
2026-06-04 18:47:59 [INF] Microsoft.Hosting.Lifetime : Application started. Press Ctrl+C to shut down.
2026-06-04 18:47:59 [INF] Microsoft.Hosting.Lifetime : Hosting environment: Development
2026-06-04 18:47:59 [INF] Microsoft.Hosting.Lifetime : Content root path: /home/xCode666/dev-backend-dotnet/Starter/backend-dotnet/Backend
2026-06-04 18:51:45 [INF] Microsoft.Hosting.Lifetime : Application is shutting down...
2026-06-04 18:53:00 [INF] Microsoft.EntityFrameworkCore.Database.Command : Executed DbCommand (55ms) [Parameters=[], CommandType='"Text"', CommandTimeout='30']
SELECT 1
2026-06-04 18:53:00 [INF]  : Database connected successfully
2026-06-04 18:53:00 [INF] Microsoft.Hosting.Lifetime : Now listening on: http://localhost:8080
2026-06-04 18:53:00 [INF] Microsoft.Hosting.Lifetime : Application started. Press Ctrl+C to shut down.
2026-06-04 18:53:00 [INF] Microsoft.Hosting.Lifetime : Hosting environment: Development
2026-06-04 18:53:00 [INF] Microsoft.Hosting.Lifetime : Content root path: /home/xCode666/dev-backend-dotnet/Starter/backend-dotnet/Backend
2026-06-04 18:53:21 [INF] Microsoft.EntityFrameworkCore.Database.Command 0HNM2DA303GT8:00000002: Executed DbCommand (88ms) [Parameters=[@email='?'], CommandType='"Text"', CommandTimeout='30']
SELECT u.id, u.created_at, u.email, u.name, u.password, u.updated_at
FROM users AS u
WHERE u.email = @email
LIMIT 1
2026-06-04 18:53:21 [WRN] Backend.Application.Service.AuthService 0HNM2DA303GT8:00000002: Email not registered
2026-06-04 18:53:21 [ERR] Backend.Delivery.Http.Middleware.GlobalExceptionHandler 0HNM2DA303GT8:00000002: Unhandled exception: The email address is not registeredBackend.Common.Exceptions.EmailNotRegisteredException: The email address is not registered
   at Backend.Application.Service.AuthService.SignInAsync(SignInRequest request, CancellationToken ct) in /home/xCode666/dev-backend-dotnet/Starter/backend-dotnet/Backend/Application/Service/AuthService.cs:line 48
   at Backend.Delivery.Http.Controller.AuthController.SignIn(SignInRequest request, CancellationToken ct) in /home/xCode666/dev-backend-dotnet/Starter/backend-dotnet/Backend/Delivery/Http/Controller/AuthController.cs:line 33
   at Microsoft.AspNetCore.Mvc.Infrastructure.ActionMethodExecutor.TaskOfIActionResultExecutor.Execute(ActionContext actionContext, IActionResultTypeMapper mapper, ObjectMethodExecutor executor, Object controller, Object[] arguments)
   at Microsoft.AspNetCore.Mvc.Infrastructure.ControllerActionInvoker.<InvokeActionMethodAsync>g__Awaited|12_0(ControllerActionInvoker invoker, ValueTask`1 actionResultValueTask)
   at Microsoft.AspNetCore.Mvc.Infrastructure.ControllerActionInvoker.<InvokeNextActionFilterAsync>g__Awaited|10_0(ControllerActionInvoker invoker, Task lastTask, State next, Scope scope, Object state, Boolean isCompleted)
   at Microsoft.AspNetCore.Mvc.Infrastructure.ControllerActionInvoker.Rethrow(ActionExecutedContextSealed context)
   at Microsoft.AspNetCore.Mvc.Infrastructure.ControllerActionInvoker.Next(State& next, Scope& scope, Object& state, Boolean& isCompleted)
   at Microsoft.AspNetCore.Mvc.Infrastructure.ControllerActionInvoker.<InvokeInnerFilterAsync>g__Awaited|13_0(ControllerActionInvoker invoker, Task lastTask, State next, Scope scope, Object state, Boolean isCompleted)
   at Microsoft.AspNetCore.Mvc.Infrastructure.ResourceInvoker.<InvokeFilterPipelineAsync>g__Awaited|20_0(ResourceInvoker invoker, Task lastTask, State next, Scope scope, Object state, Boolean isCompleted)
   at Microsoft.AspNetCore.Mvc.Infrastructure.ResourceInvoker.<InvokeAsync>g__Awaited|17_0(ResourceInvoker invoker, Task task, IDisposable scope)
   at Microsoft.AspNetCore.Mvc.Infrastructure.ResourceInvoker.<InvokeAsync>g__Awaited|17_0(ResourceInvoker invoker, Task task, IDisposable scope)
   at Microsoft.AspNetCore.Authorization.AuthorizationMiddleware.Invoke(HttpContext context)
   at Microsoft.AspNetCore.Authentication.AuthenticationMiddleware.Invoke(HttpContext context)
   at Backend.Delivery.Http.Middleware.GlobalExceptionHandler.InvokeAsync(HttpContext context, RequestDelegate next) in /home/xCode666/dev-backend-dotnet/Starter/backend-dotnet/Backend/Delivery/Http/Middleware/GlobalExceptionHandler.cs:line 21

2026-06-04 18:53:33 [INF] Microsoft.EntityFrameworkCore.Database.Command 0HNM2DA303GT8:00000003: Executed DbCommand (2ms) [Parameters=[@email='?'], CommandType='"Text"', CommandTimeout='30']
SELECT EXISTS (
    SELECT 1
    FROM users AS u
    WHERE u.email = @email)
2026-06-04 18:53:35 [INF] Microsoft.EntityFrameworkCore.Database.Command 0HNM2DA303GT8:00000003: Executed DbCommand (221ms) [Parameters=[@p0='?' (DbType = Guid), @p1='?' (DbType = DateTime), @p2='?', @p3='?', @p4='?'], CommandType='"Text"', CommandTimeout='30']
INSERT INTO users (id, created_at, email, name, password)
VALUES (@p0, @p1, @p2, @p3, @p4)
RETURNING updated_at;
2026-06-04 18:53:35 [INF] Backend.Application.Service.AuthService 0HNM2DA303GT8:00000003: User signed up "afe194a8-9a7f-466a-bffe-7876e2984649"
2026-06-04 18:53:39 [INF] Microsoft.EntityFrameworkCore.Database.Command 0HNM2DA303GT8:00000004: Executed DbCommand (2ms) [Parameters=[@email='?'], CommandType='"Text"', CommandTimeout='30']
SELECT u.id, u.created_at, u.email, u.name, u.password, u.updated_at
FROM users AS u
WHERE u.email = @email
LIMIT 1
2026-06-04 18:53:40 [WRN] Backend.Application.Service.AuthService 0HNM2DA303GT8:00000004: Invalid password attempt for user "afe194a8-9a7f-466a-bffe-7876e2984649"
2026-06-04 18:53:40 [ERR] Backend.Delivery.Http.Middleware.GlobalExceptionHandler 0HNM2DA303GT8:00000004: Unhandled exception: The password is incorrectBackend.Common.Exceptions.WrongPasswordException: The password is incorrect
   at Backend.Application.Service.AuthService.SignInAsync(SignInRequest request, CancellationToken ct) in /home/xCode666/dev-backend-dotnet/Starter/backend-dotnet/Backend/Application/Service/AuthService.cs:line 55
   at Backend.Delivery.Http.Controller.AuthController.SignIn(SignInRequest request, CancellationToken ct) in /home/xCode666/dev-backend-dotnet/Starter/backend-dotnet/Backend/Delivery/Http/Controller/AuthController.cs:line 33
   at Microsoft.AspNetCore.Mvc.Infrastructure.ActionMethodExecutor.TaskOfIActionResultExecutor.Execute(ActionContext actionContext, IActionResultTypeMapper mapper, ObjectMethodExecutor executor, Object controller, Object[] arguments)
   at Microsoft.AspNetCore.Mvc.Infrastructure.ControllerActionInvoker.<InvokeActionMethodAsync>g__Awaited|12_0(ControllerActionInvoker invoker, ValueTask`1 actionResultValueTask)
   at Microsoft.AspNetCore.Mvc.Infrastructure.ControllerActionInvoker.<InvokeNextActionFilterAsync>g__Awaited|10_0(ControllerActionInvoker invoker, Task lastTask, State next, Scope scope, Object state, Boolean isCompleted)
   at Microsoft.AspNetCore.Mvc.Infrastructure.ControllerActionInvoker.Rethrow(ActionExecutedContextSealed context)
   at Microsoft.AspNetCore.Mvc.Infrastructure.ControllerActionInvoker.Next(State& next, Scope& scope, Object& state, Boolean& isCompleted)
   at Microsoft.AspNetCore.Mvc.Infrastructure.ControllerActionInvoker.<InvokeInnerFilterAsync>g__Awaited|13_0(ControllerActionInvoker invoker, Task lastTask, State next, Scope scope, Object state, Boolean isCompleted)
   at Microsoft.AspNetCore.Mvc.Infrastructure.ResourceInvoker.<InvokeFilterPipelineAsync>g__Awaited|20_0(ResourceInvoker invoker, Task lastTask, State next, Scope scope, Object state, Boolean isCompleted)
   at Microsoft.AspNetCore.Mvc.Infrastructure.ResourceInvoker.<InvokeAsync>g__Awaited|17_0(ResourceInvoker invoker, Task task, IDisposable scope)
   at Microsoft.AspNetCore.Mvc.Infrastructure.ResourceInvoker.<InvokeAsync>g__Awaited|17_0(ResourceInvoker invoker, Task task, IDisposable scope)
   at Microsoft.AspNetCore.Authorization.AuthorizationMiddleware.Invoke(HttpContext context)
   at Microsoft.AspNetCore.Authentication.AuthenticationMiddleware.Invoke(HttpContext context)
   at Backend.Delivery.Http.Middleware.GlobalExceptionHandler.InvokeAsync(HttpContext context, RequestDelegate next) in /home/xCode666/dev-backend-dotnet/Starter/backend-dotnet/Backend/Delivery/Http/Middleware/GlobalExceptionHandler.cs:line 21

2026-06-04 18:53:42 [INF] Microsoft.EntityFrameworkCore.Database.Command 0HNM2DA303GT8:00000005: Executed DbCommand (4ms) [Parameters=[@email='?'], CommandType='"Text"', CommandTimeout='30']
SELECT u.id, u.created_at, u.email, u.name, u.password, u.updated_at
FROM users AS u
WHERE u.email = @email
LIMIT 1
2026-06-04 18:53:42 [INF] Backend.Application.Service.AuthService 0HNM2DA303GT8:00000005: User signed in "afe194a8-9a7f-466a-bffe-7876e2984649"
2026-06-04 18:55:29 [INF] Microsoft.Hosting.Lifetime : Application is shutting down...
2026-06-04 19:04:40 [INF] Microsoft.EntityFrameworkCore.Database.Command : Executed DbCommand (68ms) [Parameters=[], CommandType='"Text"', CommandTimeout='30']
SELECT 1
2026-06-04 19:04:40 [INF]  : Database connected successfully
2026-06-04 19:04:41 [INF] Microsoft.Hosting.Lifetime : Now listening on: http://localhost:8080
2026-06-04 19:04:41 [INF] Microsoft.Hosting.Lifetime : Application started. Press Ctrl+C to shut down.
2026-06-04 19:04:41 [INF] Microsoft.Hosting.Lifetime : Hosting environment: Development
2026-06-04 19:04:41 [INF] Microsoft.Hosting.Lifetime : Content root path: /home/xCode666/dev-backend-dotnet/Starter/backend-dotnet/Backend
2026-06-04 19:05:38 [INF] Microsoft.EntityFrameworkCore.Database.Command 0HNM2DH1H6QHS:00000001: Executed DbCommand (11ms) [Parameters=[], CommandType='"Text"', CommandTimeout='30']
SELECT u.id, u.created_at, u.email, u.name, u.password, u.updated_at
FROM users AS u
2026-06-04 19:05:38 [INF] Backend.Application.Service.UserService 0HNM2DH1H6QHS:00000001: Users fetched 1
2026-06-04 19:05:54 [INF] Microsoft.EntityFrameworkCore.Database.Command 0HNM2DH1H6QHS:00000002: Executed DbCommand (23ms) [Parameters=[@email='?'], CommandType='"Text"', CommandTimeout='30']
SELECT u.id, u.created_at, u.email, u.name, u.password, u.updated_at
FROM users AS u
WHERE u.email = @email
LIMIT 1
2026-06-04 19:05:54 [WRN] Backend.Application.Service.AuthService 0HNM2DH1H6QHS:00000002: Invalid password attempt for user "afe194a8-9a7f-466a-bffe-7876e2984649"
2026-06-04 19:05:54 [ERR] Backend.Delivery.Http.Middleware.GlobalExceptionHandler 0HNM2DH1H6QHS:00000002: Unhandled exception: The password is incorrectBackend.Common.Exceptions.WrongPasswordException: The password is incorrect
   at Backend.Application.Service.AuthService.SignInAsync(SignInRequest request, CancellationToken ct) in /home/xCode666/dev-backend-dotnet/Starter/backend-dotnet/Backend/Application/Service/AuthService.cs:line 55
   at Backend.Delivery.Http.Controller.AuthController.SignIn(SignInRequest request, CancellationToken ct) in /home/xCode666/dev-backend-dotnet/Starter/backend-dotnet/Backend/Delivery/Http/Controller/AuthController.cs:line 33
   at Microsoft.AspNetCore.Mvc.Infrastructure.ActionMethodExecutor.TaskOfIActionResultExecutor.Execute(ActionContext actionContext, IActionResultTypeMapper mapper, ObjectMethodExecutor executor, Object controller, Object[] arguments)
   at Microsoft.AspNetCore.Mvc.Infrastructure.ControllerActionInvoker.<InvokeActionMethodAsync>g__Awaited|12_0(ControllerActionInvoker invoker, ValueTask`1 actionResultValueTask)
   at Microsoft.AspNetCore.Mvc.Infrastructure.ControllerActionInvoker.<InvokeNextActionFilterAsync>g__Awaited|10_0(ControllerActionInvoker invoker, Task lastTask, State next, Scope scope, Object state, Boolean isCompleted)
   at Microsoft.AspNetCore.Mvc.Infrastructure.ControllerActionInvoker.Rethrow(ActionExecutedContextSealed context)
   at Microsoft.AspNetCore.Mvc.Infrastructure.ControllerActionInvoker.Next(State& next, Scope& scope, Object& state, Boolean& isCompleted)
   at Microsoft.AspNetCore.Mvc.Infrastructure.ControllerActionInvoker.<InvokeInnerFilterAsync>g__Awaited|13_0(ControllerActionInvoker invoker, Task lastTask, State next, Scope scope, Object state, Boolean isCompleted)
   at Microsoft.AspNetCore.Mvc.Infrastructure.ResourceInvoker.<InvokeFilterPipelineAsync>g__Awaited|20_0(ResourceInvoker invoker, Task lastTask, State next, Scope scope, Object state, Boolean isCompleted)
   at Microsoft.AspNetCore.Mvc.Infrastructure.ResourceInvoker.<InvokeAsync>g__Awaited|17_0(ResourceInvoker invoker, Task task, IDisposable scope)
   at Microsoft.AspNetCore.Mvc.Infrastructure.ResourceInvoker.<InvokeAsync>g__Awaited|17_0(ResourceInvoker invoker, Task task, IDisposable scope)
   at Microsoft.AspNetCore.Authorization.AuthorizationMiddleware.Invoke(HttpContext context)
   at Microsoft.AspNetCore.Authentication.AuthenticationMiddleware.Invoke(HttpContext context)
   at Backend.Delivery.Http.Middleware.RequestIdMiddleware.InvokeAsync(HttpContext context, RequestDelegate next) in /home/xCode666/dev-backend-dotnet/Starter/backend-dotnet/Backend/Delivery/Http/Middleware/RequestIdMiddleware.cs:line 18
   at Microsoft.AspNetCore.Builder.UseMiddlewareExtensions.InterfaceMiddlewareBinder.<>c__DisplayClass2_0.<<CreateMiddleware>b__0>d.MoveNext()
--- End of stack trace from previous location ---
   at Backend.Delivery.Http.Middleware.GlobalExceptionHandler.InvokeAsync(HttpContext context, RequestDelegate next) in /home/xCode666/dev-backend-dotnet/Starter/backend-dotnet/Backend/Delivery/Http/Middleware/GlobalExceptionHandler.cs:line 21

2026-06-04 19:05:57 [INF] Microsoft.EntityFrameworkCore.Database.Command 0HNM2DH1H6QHS:00000003: Executed DbCommand (2ms) [Parameters=[@email='?'], CommandType='"Text"', CommandTimeout='30']
SELECT u.id, u.created_at, u.email, u.name, u.password, u.updated_at
FROM users AS u
WHERE u.email = @email
LIMIT 1
2026-06-04 19:05:57 [INF] Backend.Application.Service.AuthService 0HNM2DH1H6QHS:00000003: User signed in "afe194a8-9a7f-466a-bffe-7876e2984649"
2026-06-04 19:05:59 [INF] Microsoft.EntityFrameworkCore.Database.Command 0HNM2DH1H6QHS:00000004: Executed DbCommand (1ms) [Parameters=[], CommandType='"Text"', CommandTimeout='30']
SELECT u.id, u.created_at, u.email, u.name, u.password, u.updated_at
FROM users AS u
2026-06-04 19:05:59 [INF] Backend.Application.Service.UserService 0HNM2DH1H6QHS:00000004: Users fetched 1
2026-06-04 19:06:18 [INF] Microsoft.EntityFrameworkCore.Database.Command 0HNM2DH1H6QHS:00000006: Executed DbCommand (2ms) [Parameters=[@email='?'], CommandType='"Text"', CommandTimeout='30']
SELECT EXISTS (
    SELECT 1
    FROM users AS u
    WHERE u.email = @email)
2026-06-04 19:06:18 [INF] Microsoft.EntityFrameworkCore.Database.Command 0HNM2DH1H6QHS:00000006: Executed DbCommand (113ms) [Parameters=[@p0='?' (DbType = Guid), @p1='?' (DbType = DateTime), @p2='?', @p3='?', @p4='?'], CommandType='"Text"', CommandTimeout='30']
INSERT INTO users (id, created_at, email, name, password)
VALUES (@p0, @p1, @p2, @p3, @p4)
RETURNING updated_at;
2026-06-04 19:06:18 [INF] Backend.Application.Service.UserService 0HNM2DH1H6QHS:00000006: User created "6ffb3e18-54fe-49cd-8f2c-b845c8c1b687"
2026-06-04 19:06:19 [INF] Microsoft.EntityFrameworkCore.Database.Command 0HNM2DH1H6QHS:00000007: Executed DbCommand (1ms) [Parameters=[], CommandType='"Text"', CommandTimeout='30']
SELECT u.id, u.created_at, u.email, u.name, u.password, u.updated_at
FROM users AS u
2026-06-04 19:06:19 [INF] Backend.Application.Service.UserService 0HNM2DH1H6QHS:00000007: Users fetched 2
2026-06-04 19:06:21 [INF] Microsoft.EntityFrameworkCore.Database.Command 0HNM2DH1H6QHS:00000009: Executed DbCommand (2ms) [Parameters=[@id='?' (DbType = Guid)], CommandType='"Text"', CommandTimeout='30']
SELECT u.id, u.created_at, u.email, u.name, u.password, u.updated_at
FROM users AS u
WHERE u.id = @id
LIMIT 1
2026-06-04 19:06:21 [INF] Backend.Application.Service.UserService 0HNM2DH1H6QHS:00000009: User fetched
2026-06-04 19:06:29 [INF] Microsoft.EntityFrameworkCore.Database.Command 0HNM2DH1H6QHS:0000000B: Executed DbCommand (2ms) [Parameters=[@id='?' (DbType = Guid)], CommandType='"Text"', CommandTimeout='30']
SELECT u.id, u.created_at, u.email, u.name, u.password, u.updated_at
FROM users AS u
WHERE u.id = @id
LIMIT 1
2026-06-04 19:06:29 [INF] Microsoft.EntityFrameworkCore.Database.Command 0HNM2DH1H6QHS:0000000B: Executed DbCommand (2ms) [Parameters=[@email='?'], CommandType='"Text"', CommandTimeout='30']
SELECT EXISTS (
    SELECT 1
    FROM users AS u
    WHERE u.email = @email)
2026-06-04 19:06:29 [INF] Microsoft.EntityFrameworkCore.Database.Command 0HNM2DH1H6QHS:0000000B: Executed DbCommand (60ms) [Parameters=[@p4='?' (DbType = Guid), @p0='?' (DbType = DateTime), @p1='?', @p2='?', @p3='?'], CommandType='"Text"', CommandTimeout='30']
UPDATE users SET created_at = @p0, email = @p1, name = @p2, password = @p3
WHERE id = @p4
RETURNING updated_at;
2026-06-04 19:06:29 [INF] Backend.Application.Service.UserService 0HNM2DH1H6QHS:0000000B: User updated
2026-06-04 19:06:29 [INF] Microsoft.EntityFrameworkCore.Database.Command 0HNM2DH1H6QHS:0000000C: Executed DbCommand (1ms) [Parameters=[], CommandType='"Text"', CommandTimeout='30']
SELECT u.id, u.created_at, u.email, u.name, u.password, u.updated_at
FROM users AS u
2026-06-04 19:06:29 [INF] Backend.Application.Service.UserService 0HNM2DH1H6QHS:0000000C: Users fetched 2
2026-06-04 19:06:31 [INF] Microsoft.EntityFrameworkCore.Database.Command 0HNM2DH1H6QHS:0000000D: Executed DbCommand (2ms) [Parameters=[@id='?' (DbType = Guid)], CommandType='"Text"', CommandTimeout='30']
SELECT u.id, u.created_at, u.email, u.name, u.password, u.updated_at
FROM users AS u
WHERE u.id = @id
LIMIT 1
2026-06-04 19:06:31 [INF] Backend.Application.Service.UserService 0HNM2DH1H6QHS:0000000D: User fetched
2026-06-04 19:06:33 [INF] Microsoft.EntityFrameworkCore.Database.Command 0HNM2DH1H6QHS:0000000E: Executed DbCommand (1ms) [Parameters=[@id='?' (DbType = Guid)], CommandType='"Text"', CommandTimeout='30']
SELECT u.id, u.created_at, u.email, u.name, u.password, u.updated_at
FROM users AS u
WHERE u.id = @id
LIMIT 1
2026-06-04 19:06:33 [INF] Microsoft.EntityFrameworkCore.Database.Command 0HNM2DH1H6QHS:0000000E: Executed DbCommand (1ms) [Parameters=[@email='?'], CommandType='"Text"', CommandTimeout='30']
SELECT EXISTS (
    SELECT 1
    FROM users AS u
    WHERE u.email = @email)
2026-06-04 19:06:34 [INF] Microsoft.EntityFrameworkCore.Database.Command 0HNM2DH1H6QHS:0000000E: Executed DbCommand (565ms) [Parameters=[@p4='?' (DbType = Guid), @p0='?' (DbType = DateTime), @p1='?', @p2='?', @p3='?'], CommandType='"Text"', CommandTimeout='30']
UPDATE users SET created_at = @p0, email = @p1, name = @p2, password = @p3
WHERE id = @p4
RETURNING updated_at;
2026-06-04 19:06:34 [INF] Backend.Application.Service.UserService 0HNM2DH1H6QHS:0000000E: User updated
2026-06-04 19:06:34 [INF] Microsoft.EntityFrameworkCore.Database.Command 0HNM2DH1H6QHS:0000000F: Executed DbCommand (1ms) [Parameters=[], CommandType='"Text"', CommandTimeout='30']
SELECT u.id, u.created_at, u.email, u.name, u.password, u.updated_at
FROM users AS u
2026-06-04 19:06:34 [INF] Backend.Application.Service.UserService 0HNM2DH1H6QHS:0000000F: Users fetched 2
2026-06-04 19:06:35 [INF] Microsoft.EntityFrameworkCore.Database.Command 0HNM2DH1H6QHS:00000010: Executed DbCommand (2ms) [Parameters=[@id='?' (DbType = Guid)], CommandType='"Text"', CommandTimeout='30']
SELECT u.id, u.created_at, u.email, u.name, u.password, u.updated_at
FROM users AS u
WHERE u.id = @id
LIMIT 1
2026-06-04 19:06:35 [INF] Backend.Application.Service.UserService 0HNM2DH1H6QHS:00000010: User fetched
2026-06-04 19:06:38 [INF] Microsoft.EntityFrameworkCore.Database.Command 0HNM2DH1H6QHS:00000011: Executed DbCommand (1ms) [Parameters=[], CommandType='"Text"', CommandTimeout='30']
SELECT u.id, u.created_at, u.email, u.name, u.password, u.updated_at
FROM users AS u
2026-06-04 19:06:38 [INF] Backend.Application.Service.UserService 0HNM2DH1H6QHS:00000011: Users fetched 2
2026-06-04 19:06:39 [INF] Microsoft.EntityFrameworkCore.Database.Command 0HNM2DH1H6QHS:00000012: Executed DbCommand (2ms) [Parameters=[@id='?' (DbType = Guid)], CommandType='"Text"', CommandTimeout='30']
SELECT u.id, u.created_at, u.email, u.name, u.password, u.updated_at
FROM users AS u
WHERE u.id = @id
LIMIT 1
2026-06-04 19:06:39 [INF] Backend.Application.Service.UserService 0HNM2DH1H6QHS:00000012: User fetched
2026-06-04 19:06:41 [INF] Microsoft.EntityFrameworkCore.Database.Command 0HNM2DH1H6QHS:00000013: Executed DbCommand (1ms) [Parameters=[], CommandType='"Text"', CommandTimeout='30']
SELECT u.id, u.created_at, u.email, u.name, u.password, u.updated_at
FROM users AS u
2026-06-04 19:06:41 [INF] Backend.Application.Service.UserService 0HNM2DH1H6QHS:00000013: Users fetched 2
2026-06-04 19:06:43 [INF] Microsoft.EntityFrameworkCore.Database.Command 0HNM2DH1H6QHS:00000014: Executed DbCommand (2ms) [Parameters=[@id='?' (DbType = Guid)], CommandType='"Text"', CommandTimeout='30']
SELECT u.id, u.created_at, u.email, u.name, u.password, u.updated_at
FROM users AS u
WHERE u.id = @id
LIMIT 1
2026-06-04 19:06:43 [INF] Backend.Application.Service.UserService 0HNM2DH1H6QHS:00000014: User fetched
2026-06-04 19:06:52 [INF] Microsoft.EntityFrameworkCore.Database.Command 0HNM2DH1H6QHS:00000015: Executed DbCommand (2ms) [Parameters=[@id='?' (DbType = Guid)], CommandType='"Text"', CommandTimeout='30']
SELECT u.id, u.created_at, u.email, u.name, u.password, u.updated_at
FROM users AS u
WHERE u.id = @id
LIMIT 1
2026-06-04 19:06:52 [INF] Microsoft.EntityFrameworkCore.Database.Command 0HNM2DH1H6QHS:00000015: Executed DbCommand (2ms) [Parameters=[@email='?'], CommandType='"Text"', CommandTimeout='30']
SELECT EXISTS (
    SELECT 1
    FROM users AS u
    WHERE u.email = @email)
2026-06-04 19:06:52 [INF] Microsoft.EntityFrameworkCore.Database.Command 0HNM2DH1H6QHS:00000015: Executed DbCommand (64ms) [Parameters=[@p4='?' (DbType = Guid), @p0='?' (DbType = DateTime), @p1='?', @p2='?', @p3='?'], CommandType='"Text"', CommandTimeout='30']
UPDATE users SET created_at = @p0, email = @p1, name = @p2, password = @p3
WHERE id = @p4
RETURNING updated_at;
2026-06-04 19:06:52 [INF] Backend.Application.Service.UserService 0HNM2DH1H6QHS:00000015: User updated
2026-06-04 19:06:53 [INF] Microsoft.EntityFrameworkCore.Database.Command 0HNM2DH1H6QHS:00000016: Executed DbCommand (1ms) [Parameters=[], CommandType='"Text"', CommandTimeout='30']
SELECT u.id, u.created_at, u.email, u.name, u.password, u.updated_at
FROM users AS u
2026-06-04 19:06:53 [INF] Backend.Application.Service.UserService 0HNM2DH1H6QHS:00000016: Users fetched 2
2026-06-04 19:06:55 [INF] Microsoft.EntityFrameworkCore.Database.Command 0HNM2DH1H6QHS:00000017: Executed DbCommand (1ms) [Parameters=[@id='?' (DbType = Guid)], CommandType='"Text"', CommandTimeout='30']
SELECT u.id, u.created_at, u.email, u.name, u.password, u.updated_at
FROM users AS u
WHERE u.id = @id
LIMIT 1
2026-06-04 19:06:56 [INF] Microsoft.EntityFrameworkCore.Database.Command 0HNM2DH1H6QHS:00000017: Executed DbCommand (516ms) [Parameters=[@id='?' (DbType = Guid)], CommandType='"Text"', CommandTimeout='30']
DELETE FROM users AS u
WHERE u.id = @id
2026-06-04 19:06:56 [INF] Backend.Application.Service.UserService 0HNM2DH1H6QHS:00000017: User deleted
2026-06-04 19:06:56 [INF] Microsoft.EntityFrameworkCore.Database.Command 0HNM2DH1H6QHS:00000018: Executed DbCommand (1ms) [Parameters=[], CommandType='"Text"', CommandTimeout='30']
SELECT u.id, u.created_at, u.email, u.name, u.password, u.updated_at
FROM users AS u
2026-06-04 19:06:56 [INF] Backend.Application.Service.UserService 0HNM2DH1H6QHS:00000018: Users fetched 1
2026-06-04 19:09:56 [INF] Microsoft.EntityFrameworkCore.Database.Command 0HNM2DH1H6QHU:00000001: Executed DbCommand (3ms) [Parameters=[], CommandType='"Text"', CommandTimeout='30']
SELECT u.id, u.created_at, u.email, u.name, u.password, u.updated_at
FROM users AS u
2026-06-04 19:09:56 [INF] Backend.Application.Service.UserService 0HNM2DH1H6QHU:00000001: Users fetched 1
2026-06-04 19:10:04 [INF] Microsoft.EntityFrameworkCore.Database.Command 0HNM2DH1H6QHU:00000002: Executed DbCommand (1ms) [Parameters=[], CommandType='"Text"', CommandTimeout='30']
SELECT u.id, u.created_at, u.email, u.name, u.password, u.updated_at
FROM users AS u
2026-06-04 19:10:04 [INF] Backend.Application.Service.UserService 0HNM2DH1H6QHU:00000002: Users fetched 1
2026-06-04 19:13:01 [INF] Microsoft.Hosting.Lifetime : Application is shutting down...
2026-06-04 19:13:50 [INF] Microsoft.EntityFrameworkCore.Database.Command : Executed DbCommand (55ms) [Parameters=[], CommandType='"Text"', CommandTimeout='30']
SELECT 1
2026-06-04 19:13:50 [INF]  : Database connected successfully
2026-06-04 19:13:50 [INF] Microsoft.Hosting.Lifetime : Now listening on: http://localhost:8080
2026-06-04 19:13:50 [INF] Microsoft.Hosting.Lifetime : Application started. Press Ctrl+C to shut down.
2026-06-04 19:13:50 [INF] Microsoft.Hosting.Lifetime : Hosting environment: Development
2026-06-04 19:13:50 [INF] Microsoft.Hosting.Lifetime : Content root path: /home/xCode666/dev-backend-dotnet/Starter/backend-dotnet/Backend
2026-06-04 19:13:57 [INF] Microsoft.EntityFrameworkCore.Database.Command 0HNM2DLM8KU5N:00000001: Executed DbCommand (13ms) [Parameters=[], CommandType='"Text"', CommandTimeout='30']
SELECT u.id, u.created_at, u.email, u.name, u.password, u.updated_at
FROM users AS u
2026-06-04 19:13:57 [INF] Backend.Application.Service.UserService 0HNM2DLM8KU5N:00000001: Users fetched 1
2026-06-04 19:13:58 [INF] Microsoft.EntityFrameworkCore.Database.Command 0HNM2DLM8KU5N:00000002: Executed DbCommand (3ms) [Parameters=[], CommandType='"Text"', CommandTimeout='30']
SELECT u.id, u.created_at, u.email, u.name, u.password, u.updated_at
FROM users AS u
2026-06-04 19:13:58 [INF] Backend.Application.Service.UserService 0HNM2DLM8KU5N:00000002: Users fetched 1
2026-06-04 19:14:10 [INF] Microsoft.EntityFrameworkCore.Database.Command 0HNM2DLM8KU5N:00000003: Executed DbCommand (20ms) [Parameters=[@email='?'], CommandType='"Text"', CommandTimeout='30']
SELECT EXISTS (
    SELECT 1
    FROM users AS u
    WHERE u.email = @email)
2026-06-04 19:14:11 [INF] Microsoft.EntityFrameworkCore.Database.Command 0HNM2DLM8KU5N:00000003: Executed DbCommand (109ms) [Parameters=[@p0='?' (DbType = Guid), @p1='?' (DbType = DateTime), @p2='?', @p3='?', @p4='?'], CommandType='"Text"', CommandTimeout='30']
INSERT INTO users (id, created_at, email, name, password)
VALUES (@p0, @p1, @p2, @p3, @p4)
RETURNING updated_at;
2026-06-04 19:14:11 [INF] Backend.Application.Service.UserService 0HNM2DLM8KU5N:00000003: User created "4286c3cd-231f-438e-9004-2cb18e2eba12"
2026-06-04 19:14:11 [INF] Microsoft.EntityFrameworkCore.Database.Command 0HNM2DLM8KU5N:00000004: Executed DbCommand (1ms) [Parameters=[], CommandType='"Text"', CommandTimeout='30']
SELECT u.id, u.created_at, u.email, u.name, u.password, u.updated_at
FROM users AS u
2026-06-04 19:14:11 [INF] Backend.Application.Service.UserService 0HNM2DLM8KU5N:00000004: Users fetched 2
2026-06-04 19:14:14 [INF] Microsoft.EntityFrameworkCore.Database.Command 0HNM2DLM8KU5N:00000006: Executed DbCommand (3ms) [Parameters=[@id='?' (DbType = Guid)], CommandType='"Text"', CommandTimeout='30']
SELECT u.id, u.created_at, u.email, u.name, u.password, u.updated_at
FROM users AS u
WHERE u.id = @id
LIMIT 1
2026-06-04 19:14:14 [INF] Backend.Application.Service.UserService 0HNM2DLM8KU5N:00000006: User fetched
2026-06-04 19:14:16 [INF] Microsoft.EntityFrameworkCore.Database.Command 0HNM2DLM8KU5N:00000007: Executed DbCommand (1ms) [Parameters=[@id='?' (DbType = Guid)], CommandType='"Text"', CommandTimeout='30']
SELECT u.id, u.created_at, u.email, u.name, u.password, u.updated_at
FROM users AS u
WHERE u.id = @id
LIMIT 1
2026-06-04 19:14:16 [INF] Microsoft.EntityFrameworkCore.Database.Command 0HNM2DLM8KU5N:00000007: Executed DbCommand (78ms) [Parameters=[@p4='?' (DbType = Guid), @p0='?' (DbType = DateTime), @p1='?', @p2='?', @p3='?'], CommandType='"Text"', CommandTimeout='30']
UPDATE users SET created_at = @p0, email = @p1, name = @p2, password = @p3
WHERE id = @p4
RETURNING updated_at;
2026-06-04 19:14:16 [INF] Backend.Application.Service.UserService 0HNM2DLM8KU5N:00000007: User updated
2026-06-04 19:14:16 [INF] Microsoft.EntityFrameworkCore.Database.Command 0HNM2DLM8KU5N:00000008: Executed DbCommand (1ms) [Parameters=[], CommandType='"Text"', CommandTimeout='30']
SELECT u.id, u.created_at, u.email, u.name, u.password, u.updated_at
FROM users AS u
2026-06-04 19:14:16 [INF] Backend.Application.Service.UserService 0HNM2DLM8KU5N:00000008: Users fetched 2
2026-06-04 19:14:17 [INF] Microsoft.EntityFrameworkCore.Database.Command 0HNM2DLM8KU5N:00000009: Executed DbCommand (2ms) [Parameters=[@id='?' (DbType = Guid)], CommandType='"Text"', CommandTimeout='30']
SELECT u.id, u.created_at, u.email, u.name, u.password, u.updated_at
FROM users AS u
WHERE u.id = @id
LIMIT 1
2026-06-04 19:14:17 [INF] Backend.Application.Service.UserService 0HNM2DLM8KU5N:00000009: User fetched
2026-06-04 19:16:45 [INF] Microsoft.Hosting.Lifetime : Application is shutting down...
2026-06-04 19:16:56 [INF] Microsoft.EntityFrameworkCore.Database.Command : Executed DbCommand (53ms) [Parameters=[], CommandType='"Text"', CommandTimeout='30']
SELECT 1
2026-06-04 19:16:56 [INF]  : Database connected successfully
2026-06-04 19:16:56 [INF] Microsoft.Hosting.Lifetime : Now listening on: http://localhost:8080
2026-06-04 19:16:56 [INF] Microsoft.Hosting.Lifetime : Application started. Press Ctrl+C to shut down.
2026-06-04 19:16:56 [INF] Microsoft.Hosting.Lifetime : Hosting environment: Development
2026-06-04 19:16:56 [INF] Microsoft.Hosting.Lifetime : Content root path: /home/xCode666/dev-backend-dotnet/Starter/backend-dotnet/Backend
2026-06-04 19:17:00 [INF] Microsoft.EntityFrameworkCore.Database.Command 0HNM2DNCTJC8V:00000001: Executed DbCommand (88ms) [Parameters=[@id='?' (DbType = Guid)], CommandType='"Text"', CommandTimeout='30']
SELECT u.id, u.created_at, u.email, u.name, u.password, u.updated_at
FROM users AS u
WHERE u.id = @id
LIMIT 1
2026-06-04 19:17:00 [INF] Backend.Application.Service.UserService 0HNM2DNCTJC8V:00000001: User fetched
2026-06-04 19:17:01 [INF] Microsoft.EntityFrameworkCore.Database.Command 0HNM2DNCTJC8V:00000002: Executed DbCommand (2ms) [Parameters=[], CommandType='"Text"', CommandTimeout='30']
SELECT u.id, u.created_at, u.email, u.name, u.password, u.updated_at
FROM users AS u
2026-06-04 19:17:01 [INF] Backend.Application.Service.UserService 0HNM2DNCTJC8V:00000002: Users fetched 2
2026-06-04 19:17:02 [INF] Microsoft.EntityFrameworkCore.Database.Command 0HNM2DNCTJC8V:00000003: Executed DbCommand (4ms) [Parameters=[@id='?' (DbType = Guid)], CommandType='"Text"', CommandTimeout='30']
SELECT u.id, u.created_at, u.email, u.name, u.password, u.updated_at
FROM users AS u
WHERE u.id = @id
LIMIT 1
2026-06-04 19:17:02 [INF] Backend.Application.Service.UserService 0HNM2DNCTJC8V:00000003: User fetched
2026-06-04 19:17:04 [INF] Microsoft.EntityFrameworkCore.Database.Command 0HNM2DNCTJC8V:00000004: Executed DbCommand (2ms) [Parameters=[@id='?' (DbType = Guid)], CommandType='"Text"', CommandTimeout='30']
SELECT u.id, u.created_at, u.email, u.name, u.password, u.updated_at
FROM users AS u
WHERE u.id = @id
LIMIT 1
2026-06-04 19:17:05 [INF] Microsoft.EntityFrameworkCore.Database.Command 0HNM2DNCTJC8V:00000004: Executed DbCommand (84ms) [Parameters=[@p4='?' (DbType = Guid), @p0='?' (DbType = DateTime), @p1='?', @p2='?', @p3='?'], CommandType='"Text"', CommandTimeout='30']
UPDATE users SET created_at = @p0, email = @p1, name = @p2, password = @p3
WHERE id = @p4
RETURNING updated_at;
2026-06-04 19:17:05 [INF] Backend.Application.Service.UserService 0HNM2DNCTJC8V:00000004: User updated
2026-06-04 19:17:05 [INF] Microsoft.EntityFrameworkCore.Database.Command 0HNM2DNCTJC8V:00000005: Executed DbCommand (1ms) [Parameters=[], CommandType='"Text"', CommandTimeout='30']
SELECT u.id, u.created_at, u.email, u.name, u.password, u.updated_at
FROM users AS u
2026-06-04 19:17:05 [INF] Backend.Application.Service.UserService 0HNM2DNCTJC8V:00000005: Users fetched 2
2026-06-04 19:17:06 [INF] Microsoft.EntityFrameworkCore.Database.Command 0HNM2DNCTJC8V:00000006: Executed DbCommand (1ms) [Parameters=[@id='?' (DbType = Guid)], CommandType='"Text"', CommandTimeout='30']
SELECT u.id, u.created_at, u.email, u.name, u.password, u.updated_at
FROM users AS u
WHERE u.id = @id
LIMIT 1
2026-06-04 19:17:06 [INF] Backend.Application.Service.UserService 0HNM2DNCTJC8V:00000006: User fetched
2026-06-04 19:17:19 [INF] Microsoft.EntityFrameworkCore.Database.Command 0HNM2DNCTJC8V:00000007: Executed DbCommand (2ms) [Parameters=[@id='?' (DbType = Guid)], CommandType='"Text"', CommandTimeout='30']
SELECT u.id, u.created_at, u.email, u.name, u.password, u.updated_at
FROM users AS u
WHERE u.id = @id
LIMIT 1
2026-06-04 19:17:19 [INF] Microsoft.EntityFrameworkCore.Database.Command 0HNM2DNCTJC8V:00000007: Executed DbCommand (2ms) [Parameters=[@email='?'], CommandType='"Text"', CommandTimeout='30']
SELECT EXISTS (
    SELECT 1
    FROM users AS u
    WHERE u.email = @email)
2026-06-04 19:17:19 [INF] Microsoft.EntityFrameworkCore.Database.Command 0HNM2DNCTJC8V:00000007: Executed DbCommand (90ms) [Parameters=[@p4='?' (DbType = Guid), @p0='?' (DbType = DateTime), @p1='?', @p2='?', @p3='?'], CommandType='"Text"', CommandTimeout='30']
UPDATE users SET created_at = @p0, email = @p1, name = @p2, password = @p3
WHERE id = @p4
RETURNING updated_at;
2026-06-04 19:17:19 [INF] Backend.Application.Service.UserService 0HNM2DNCTJC8V:00000007: User updated
2026-06-04 19:17:19 [INF] Microsoft.EntityFrameworkCore.Database.Command 0HNM2DNCTJC8V:00000008: Executed DbCommand (1ms) [Parameters=[], CommandType='"Text"', CommandTimeout='30']
SELECT u.id, u.created_at, u.email, u.name, u.password, u.updated_at
FROM users AS u
2026-06-04 19:17:19 [INF] Backend.Application.Service.UserService 0HNM2DNCTJC8V:00000008: Users fetched 2
2026-06-04 19:17:22 [INF] Microsoft.EntityFrameworkCore.Database.Command 0HNM2DNCTJC8V:00000009: Executed DbCommand (2ms) [Parameters=[@id='?' (DbType = Guid)], CommandType='"Text"', CommandTimeout='30']
SELECT u.id, u.created_at, u.email, u.name, u.password, u.updated_at
FROM users AS u
WHERE u.id = @id
LIMIT 1
2026-06-04 19:17:22 [INF] Backend.Application.Service.UserService 0HNM2DNCTJC8V:00000009: User fetched
2026-06-04 19:17:25 [INF] Microsoft.EntityFrameworkCore.Database.Command 0HNM2DNCTJC8V:0000000A: Executed DbCommand (2ms) [Parameters=[@id='?' (DbType = Guid)], CommandType='"Text"', CommandTimeout='30']
SELECT u.id, u.created_at, u.email, u.name, u.password, u.updated_at
FROM users AS u
WHERE u.id = @id
LIMIT 1
2026-06-04 19:17:25 [INF] Microsoft.EntityFrameworkCore.Database.Command 0HNM2DNCTJC8V:0000000A: Executed DbCommand (2ms) [Parameters=[@email='?'], CommandType='"Text"', CommandTimeout='30']
SELECT EXISTS (
    SELECT 1
    FROM users AS u
    WHERE u.email = @email)
2026-06-04 19:17:25 [INF] Microsoft.EntityFrameworkCore.Database.Command 0HNM2DNCTJC8V:0000000A: Executed DbCommand (83ms) [Parameters=[@p4='?' (DbType = Guid), @p0='?' (DbType = DateTime), @p1='?', @p2='?', @p3='?'], CommandType='"Text"', CommandTimeout='30']
UPDATE users SET created_at = @p0, email = @p1, name = @p2, password = @p3
WHERE id = @p4
RETURNING updated_at;
2026-06-04 19:17:25 [INF] Backend.Application.Service.UserService 0HNM2DNCTJC8V:0000000A: User updated
2026-06-04 19:17:25 [INF] Microsoft.EntityFrameworkCore.Database.Command 0HNM2DNCTJC8V:0000000B: Executed DbCommand (1ms) [Parameters=[], CommandType='"Text"', CommandTimeout='30']
SELECT u.id, u.created_at, u.email, u.name, u.password, u.updated_at
FROM users AS u
2026-06-04 19:17:25 [INF] Backend.Application.Service.UserService 0HNM2DNCTJC8V:0000000B: Users fetched 2
2026-06-04 19:17:27 [INF] Microsoft.EntityFrameworkCore.Database.Command 0HNM2DNCTJC8V:0000000C: Executed DbCommand (2ms) [Parameters=[@id='?' (DbType = Guid)], CommandType='"Text"', CommandTimeout='30']
SELECT u.id, u.created_at, u.email, u.name, u.password, u.updated_at
FROM users AS u
WHERE u.id = @id
LIMIT 1
2026-06-04 19:17:27 [INF] Backend.Application.Service.UserService 0HNM2DNCTJC8V:0000000C: User fetched
2026-06-04 19:17:35 [INF] Microsoft.EntityFrameworkCore.Database.Command 0HNM2DNCTJC8V:0000000D: Executed DbCommand (2ms) [Parameters=[@id='?' (DbType = Guid)], CommandType='"Text"', CommandTimeout='30']
SELECT u.id, u.created_at, u.email, u.name, u.password, u.updated_at
FROM users AS u
WHERE u.id = @id
LIMIT 1
2026-06-04 19:17:35 [INF] Microsoft.EntityFrameworkCore.Database.Command 0HNM2DNCTJC8V:0000000D: Executed DbCommand (1ms) [Parameters=[@email='?'], CommandType='"Text"', CommandTimeout='30']
SELECT EXISTS (
    SELECT 1
    FROM users AS u
    WHERE u.email = @email)
2026-06-04 19:17:35 [WRN] Backend.Application.Service.UserService 0HNM2DNCTJC8V:0000000D: The email has already been taken johndoe@mail.com
2026-06-04 19:17:35 [ERR] Backend.Delivery.Http.Middleware.GlobalExceptionHandler 0HNM2DNCTJC8V:0000000D: Unhandled exception: The email has already been takenBackend.Common.Exceptions.EmailAlreadyExistsException: The email has already been taken
   at Backend.Application.Service.UserService.UpdateAsync(Guid id, UpdateUserRequest request, CancellationToken ct) in /home/xCode666/dev-backend-dotnet/Starter/backend-dotnet/Backend/Application/Service/UserService.cs:line 74
   at Backend.Delivery.Http.Controller.UserController.Update(Guid id, UpdateUserRequest request, CancellationToken ct) in /home/xCode666/dev-backend-dotnet/Starter/backend-dotnet/Backend/Delivery/Http/Controller/UserController.cs:line 47
   at Microsoft.AspNetCore.Mvc.Infrastructure.ActionMethodExecutor.TaskOfIActionResultExecutor.Execute(ActionContext actionContext, IActionResultTypeMapper mapper, ObjectMethodExecutor executor, Object controller, Object[] arguments)
   at Microsoft.AspNetCore.Mvc.Infrastructure.ControllerActionInvoker.<InvokeActionMethodAsync>g__Awaited|12_0(ControllerActionInvoker invoker, ValueTask`1 actionResultValueTask)
   at Microsoft.AspNetCore.Mvc.Infrastructure.ControllerActionInvoker.<InvokeNextActionFilterAsync>g__Awaited|10_0(ControllerActionInvoker invoker, Task lastTask, State next, Scope scope, Object state, Boolean isCompleted)
   at Microsoft.AspNetCore.Mvc.Infrastructure.ControllerActionInvoker.Rethrow(ActionExecutedContextSealed context)
   at Microsoft.AspNetCore.Mvc.Infrastructure.ControllerActionInvoker.Next(State& next, Scope& scope, Object& state, Boolean& isCompleted)
   at Microsoft.AspNetCore.Mvc.Infrastructure.ControllerActionInvoker.<InvokeInnerFilterAsync>g__Awaited|13_0(ControllerActionInvoker invoker, Task lastTask, State next, Scope scope, Object state, Boolean isCompleted)
   at Microsoft.AspNetCore.Mvc.Infrastructure.ResourceInvoker.<InvokeFilterPipelineAsync>g__Awaited|20_0(ResourceInvoker invoker, Task lastTask, State next, Scope scope, Object state, Boolean isCompleted)
   at Microsoft.AspNetCore.Mvc.Infrastructure.ResourceInvoker.<InvokeAsync>g__Awaited|17_0(ResourceInvoker invoker, Task task, IDisposable scope)
   at Microsoft.AspNetCore.Mvc.Infrastructure.ResourceInvoker.<InvokeAsync>g__Awaited|17_0(ResourceInvoker invoker, Task task, IDisposable scope)
   at Microsoft.AspNetCore.Authorization.AuthorizationMiddleware.Invoke(HttpContext context)
   at Microsoft.AspNetCore.Authentication.AuthenticationMiddleware.Invoke(HttpContext context)
   at Backend.Delivery.Http.Middleware.RequestIdMiddleware.InvokeAsync(HttpContext context, RequestDelegate next) in /home/xCode666/dev-backend-dotnet/Starter/backend-dotnet/Backend/Delivery/Http/Middleware/RequestIdMiddleware.cs:line 18
   at Microsoft.AspNetCore.Builder.UseMiddlewareExtensions.InterfaceMiddlewareBinder.<>c__DisplayClass2_0.<<CreateMiddleware>b__0>d.MoveNext()
--- End of stack trace from previous location ---
   at Backend.Delivery.Http.Middleware.GlobalExceptionHandler.InvokeAsync(HttpContext context, RequestDelegate next) in /home/xCode666/dev-backend-dotnet/Starter/backend-dotnet/Backend/Delivery/Http/Middleware/GlobalExceptionHandler.cs:line 21

2026-06-04 19:17:37 [INF] Microsoft.EntityFrameworkCore.Database.Command 0HNM2DNCTJC8V:0000000E: Executed DbCommand (2ms) [Parameters=[], CommandType='"Text"', CommandTimeout='30']
SELECT u.id, u.created_at, u.email, u.name, u.password, u.updated_at
FROM users AS u
2026-06-04 19:17:37 [INF] Backend.Application.Service.UserService 0HNM2DNCTJC8V:0000000E: Users fetched 2
2026-06-04 19:18:44 [INF] Microsoft.Hosting.Lifetime : Application is shutting down...
2026-06-04 19:19:33 [INF] Microsoft.EntityFrameworkCore.Database.Command : Executed DbCommand (55ms) [Parameters=[], CommandType='"Text"', CommandTimeout='30']
SELECT 1
2026-06-04 19:19:33 [INF]  : Database connected successfully
2026-06-04 19:19:34 [INF] Microsoft.Hosting.Lifetime : Now listening on: http://localhost:8080
2026-06-04 19:19:34 [INF] Microsoft.Hosting.Lifetime : Application started. Press Ctrl+C to shut down.
2026-06-04 19:19:34 [INF] Microsoft.Hosting.Lifetime : Hosting environment: Development
2026-06-04 19:19:34 [INF] Microsoft.Hosting.Lifetime : Content root path: /home/xCode666/dev-backend-dotnet/Starter/backend-dotnet/Backend
2026-06-04 19:19:57 [INF] Microsoft.Hosting.Lifetime : Application is shutting down...
2026-06-04 19:22:34 [INF] Microsoft.EntityFrameworkCore.Database.Command : Executed DbCommand (62ms) [Parameters=[], CommandType='"Text"', CommandTimeout='30']
SELECT 1
2026-06-04 19:22:34 [INF]  : Database connected successfully
2026-06-04 19:22:35 [INF] Microsoft.Hosting.Lifetime : Now listening on: http://localhost:8080
2026-06-04 19:22:35 [INF] Microsoft.Hosting.Lifetime : Application started. Press Ctrl+C to shut down.
2026-06-04 19:22:35 [INF] Microsoft.Hosting.Lifetime : Hosting environment: Development
2026-06-04 19:22:35 [INF] Microsoft.Hosting.Lifetime : Content root path: /home/xCode666/dev-backend-dotnet/Starter/backend-dotnet/Backend
2026-06-04 19:22:50 [INF] Microsoft.EntityFrameworkCore.Database.Command 0HNM2DQL49OSF:00000001: Executed DbCommand (14ms) [Parameters=[], CommandType='"Text"', CommandTimeout='30']
SELECT u.id, u.created_at, u.email, u.name, u.password, u.updated_at
FROM users AS u
2026-06-04 19:22:50 [INF] Backend.Application.Service.UserService 0HNM2DQL49OSF:00000001: Users fetched 2
2026-06-04 19:22:51 [INF] Microsoft.EntityFrameworkCore.Database.Command 0HNM2DQL49OSF:00000002: Executed DbCommand (3ms) [Parameters=[], CommandType='"Text"', CommandTimeout='30']
SELECT u.id, u.created_at, u.email, u.name, u.password, u.updated_at
FROM users AS u
2026-06-04 19:22:51 [INF] Backend.Application.Service.UserService 0HNM2DQL49OSF:00000002: Users fetched 2
2026-06-04 19:22:52 [INF] Microsoft.EntityFrameworkCore.Database.Command 0HNM2DQL49OSF:00000003: Executed DbCommand (21ms) [Parameters=[@id='?' (DbType = Guid)], CommandType='"Text"', CommandTimeout='30']
SELECT u.id, u.created_at, u.email, u.name, u.password, u.updated_at
FROM users AS u
WHERE u.id = @id
LIMIT 1
2026-06-04 19:22:52 [INF] Backend.Application.Service.UserService 0HNM2DQL49OSF:00000003: User fetched
2026-06-04 19:22:55 [INF] Microsoft.EntityFrameworkCore.Database.Command 0HNM2DQL49OSF:00000004: Executed DbCommand (2ms) [Parameters=[@id='?' (DbType = Guid)], CommandType='"Text"', CommandTimeout='30']
SELECT u.id, u.created_at, u.email, u.name, u.password, u.updated_at
FROM users AS u
WHERE u.id = @id
LIMIT 1
2026-06-04 19:22:55 [INF] Microsoft.EntityFrameworkCore.Database.Command 0HNM2DQL49OSF:00000004: Executed DbCommand (95ms) [Parameters=[@p4='?' (DbType = Guid), @p0='?' (DbType = DateTime), @p1='?', @p2='?', @p3='?'], CommandType='"Text"', CommandTimeout='30']
UPDATE users SET created_at = @p0, email = @p1, name = @p2, password = @p3
WHERE id = @p4
RETURNING updated_at;
2026-06-04 19:22:55 [INF] Backend.Application.Service.UserService 0HNM2DQL49OSF:00000004: User updated
2026-06-04 19:22:55 [INF] Microsoft.EntityFrameworkCore.Database.Command 0HNM2DQL49OSF:00000005: Executed DbCommand (1ms) [Parameters=[], CommandType='"Text"', CommandTimeout='30']
SELECT u.id, u.created_at, u.email, u.name, u.password, u.updated_at
FROM users AS u
2026-06-04 19:22:55 [INF] Backend.Application.Service.UserService 0HNM2DQL49OSF:00000005: Users fetched 2
2026-06-04 19:22:56 [INF] Microsoft.EntityFrameworkCore.Database.Command 0HNM2DQL49OSF:00000006: Executed DbCommand (2ms) [Parameters=[@id='?' (DbType = Guid)], CommandType='"Text"', CommandTimeout='30']
SELECT u.id, u.created_at, u.email, u.name, u.password, u.updated_at
FROM users AS u
WHERE u.id = @id
LIMIT 1
2026-06-04 19:22:56 [INF] Backend.Application.Service.UserService 0HNM2DQL49OSF:00000006: User fetched
2026-06-04 19:22:59 [INF] Microsoft.EntityFrameworkCore.Database.Command 0HNM2DQL49OSF:00000007: Executed DbCommand (3ms) [Parameters=[@id='?' (DbType = Guid)], CommandType='"Text"', CommandTimeout='30']
SELECT u.id, u.created_at, u.email, u.name, u.password, u.updated_at
FROM users AS u
WHERE u.id = @id
LIMIT 1
2026-06-04 19:22:59 [INF] Microsoft.EntityFrameworkCore.Database.Command 0HNM2DQL49OSF:00000007: Executed DbCommand (2ms) [Parameters=[@email='?'], CommandType='"Text"', CommandTimeout='30']
SELECT EXISTS (
    SELECT 1
    FROM users AS u
    WHERE u.email = @email)
2026-06-04 19:22:59 [INF] Microsoft.EntityFrameworkCore.Database.Command 0HNM2DQL49OSF:00000007: Executed DbCommand (107ms) [Parameters=[@p4='?' (DbType = Guid), @p0='?' (DbType = DateTime), @p1='?', @p2='?', @p3='?'], CommandType='"Text"', CommandTimeout='30']
UPDATE users SET created_at = @p0, email = @p1, name = @p2, password = @p3
WHERE id = @p4
RETURNING updated_at;
2026-06-04 19:22:59 [INF] Backend.Application.Service.UserService 0HNM2DQL49OSF:00000007: User updated
2026-06-04 19:23:00 [INF] Microsoft.EntityFrameworkCore.Database.Command 0HNM2DQL49OSF:00000008: Executed DbCommand (2ms) [Parameters=[], CommandType='"Text"', CommandTimeout='30']
SELECT u.id, u.created_at, u.email, u.name, u.password, u.updated_at
FROM users AS u
2026-06-04 19:23:00 [INF] Backend.Application.Service.UserService 0HNM2DQL49OSF:00000008: Users fetched 2
2026-06-04 19:23:02 [INF] Microsoft.EntityFrameworkCore.Database.Command 0HNM2DQL49OSF:00000009: Executed DbCommand (2ms) [Parameters=[@id='?' (DbType = Guid)], CommandType='"Text"', CommandTimeout='30']
SELECT u.id, u.created_at, u.email, u.name, u.password, u.updated_at
FROM users AS u
WHERE u.id = @id
LIMIT 1
2026-06-04 19:23:02 [INF] Microsoft.EntityFrameworkCore.Database.Command 0HNM2DQL49OSF:00000009: Executed DbCommand (66ms) [Parameters=[@id='?' (DbType = Guid)], CommandType='"Text"', CommandTimeout='30']
DELETE FROM users AS u
WHERE u.id = @id
2026-06-04 19:23:02 [INF] Backend.Application.Service.UserService 0HNM2DQL49OSF:00000009: User deleted
2026-06-04 19:23:02 [INF] Microsoft.EntityFrameworkCore.Database.Command 0HNM2DQL49OSF:0000000A: Executed DbCommand (1ms) [Parameters=[], CommandType='"Text"', CommandTimeout='30']
SELECT u.id, u.created_at, u.email, u.name, u.password, u.updated_at
FROM users AS u
2026-06-04 19:23:02 [INF] Backend.Application.Service.UserService 0HNM2DQL49OSF:0000000A: Users fetched 1
2026-06-04 19:23:06 [INF] Microsoft.Hosting.Lifetime : Application is shutting down...
